[1/143] AABA: bars_code=200 n=577 first=2017-06-19T04:00:00Z last=2019-10-02T04:00:00Z | asset_code=200 name='' status=inactive
[2/143] ABC: bars_code=200 n=1927 first=2016-01-04T05:00:00Z last=2023-08-29T04:00:00Z | asset_code=404 name=None status=None
[3/143] ABMD: bars_code=200 n=1756 first=2016-01-04T05:00:00Z last=2022-12-21T05:00:00Z | asset_code=200 name='ABIOMED, Inc. Common Stock' status=inactive
[4/143] ADS: bars_code=200 n=1574 first=2016-01-04T05:00:00Z last=2022-04-01T04:00:00Z | asset_code=404 name=None status=None
[5/143] AGN: bars_code=200 n=1095 first=2016-01-04T05:00:00Z last=2020-05-08T04:00:00Z | asset_code=200 name='Allergan plc' status=inactive
[6/143] ALTR: bars_code=200 n=1858 first=2017-11-01T04:00:00Z last=2025-03-25T04:00:00Z | asset_code=200 name='Altair Engineering Inc. Class A Common Stock' status=inactive
[7/143] ALXN: bars_code=200 n=1396 first=2016-01-04T05:00:00Z last=2021-07-20T04:00:00Z | asset_code=200 name='Alexion Pharmaceuticals, Inc. Common Stock' status=inactive
[8/143] ANSS: bars_code=200 n=2397 first=2016-01-04T05:00:00Z last=2025-07-16T04:00:00Z | asset_code=200 name='ANSYS, Inc. Common Stock' status=inactive
[9/143] ANTM: bars_code=200 n=1632 first=2016-01-04T05:00:00Z last=2022-06-27T04:00:00Z | asset_code=404 name=None status=None
[10/143] ARG: bars_code=200 n=97 first=2016-01-04T05:00:00Z last=2016-05-20T04:00:00Z | asset_code=404 name=None status=None
[11/143] ARNC: bars_code=200 n=1709 first=2016-11-01T04:00:00Z last=2023-08-17T04:00:00Z | asset_code=200 name='Arconic Corporation' status=inactive
[12/143] ATVI: bars_code=200 n=1959 first=2016-01-04T05:00:00Z last=2023-10-13T04:00:00Z | asset_code=200 name='Activision Blizzard, Inc. Common Stock' status=inactive
[13/143] AVP: bars_code=200 n=1008 first=2016-01-04T05:00:00Z last=2020-01-03T05:00:00Z | asset_code=404 name=None status=None
[14/143] BCR: bars_code=200 n=502 first=2016-01-04T05:00:00Z last=2017-12-28T05:00:00Z | asset_code=404 name=None status=None
[15/143] BHGE: bars_code=200 n=577 first=2017-07-05T04:00:00Z last=2019-10-17T04:00:00Z | asset_code=404 name=None status=None
[16/143] BK: bars_code=200 n=2610 first=2016-01-04T05:00:00Z last=2026-05-20T04:00:00Z | asset_code=404 name=None status=None
[17/143] BLL: bars_code=200 n=1599 first=2016-01-04T05:00:00Z last=2022-05-09T04:00:00Z | asset_code=404 name=None status=None
[18/143] BRCM: bars_code=200 n=19 first=2016-01-04T05:00:00Z last=2016-01-29T05:00:00Z | asset_code=404 name=None status=None
[19/143] BXLT: bars_code=200 n=105 first=2016-01-04T05:00:00Z last=2016-06-02T04:00:00Z | asset_code=404 name=None status=None
[20/143] CA: bars_code=200 n=2601 first=2016-01-04T05:00:00Z last=2026-05-07T04:00:00Z | asset_code=200 name='DBX ETF Trust Xtrackers California Municipal Bonds ETF' status=inactive
[21/143] CBS: bars_code=200 n=988 first=2016-01-04T05:00:00Z last=2019-12-04T05:00:00Z | asset_code=404 name=None status=None
[22/143] CCE: bars_code=200 n=718 first=2016-01-04T05:00:00Z last=2018-11-06T05:00:00Z | asset_code=404 name=None status=None
[23/143] CDAY: bars_code=200 n=1451 first=2018-04-26T04:00:00Z last=2024-01-31T05:00:00Z | asset_code=404 name=None status=None
[24/143] CELG: bars_code=200 n=979 first=2016-01-04T05:00:00Z last=2019-11-20T05:00:00Z | asset_code=200 name='Celgene Corporation Common Stock' status=inactive
[25/143] CERN: bars_code=200 n=1619 first=2016-01-04T05:00:00Z last=2022-06-07T04:00:00Z | asset_code=200 name='Cerner Corporation Common Stock' status=inactive
[26/143] CFN: bars_code=200 n=0 first=None last=None | asset_code=404 name=None status=None
[27/143] CHK: bars_code=200 n=2201 first=2016-01-04T05:00:00Z last=2024-10-01T04:00:00Z | asset_code=200 name='Chesapeake Energy Corporation Common Stock' status=inactive
[28/143] CMA: bars_code=200 n=2534 first=2016-01-04T05:00:00Z last=2026-01-30T05:00:00Z | asset_code=200 name='Comerica Incorporated' status=inactive
[29/143] CMCSK: bars_code=200 n=0 first=None last=None | asset_code=404 name=None status=None
[30/143] COG: bars_code=200 n=1448 first=2016-01-04T05:00:00Z last=2021-10-01T04:00:00Z | asset_code=404 name=None status=None
[31/143] COV: bars_code=200 n=0 first=None last=None | asset_code=404 name=None status=None
[32/143] CPGX: bars_code=200 n=125 first=2016-01-04T05:00:00Z last=2016-06-30T04:00:00Z | asset_code=404 name=None status=None
[33/143] CTL: bars_code=200 n=1186 first=2016-01-04T05:00:00Z last=2020-09-17T04:00:00Z | asset_code=404 name=None status=None
[34/143] CTLT: bars_code=200 n=2255 first=2016-01-04T05:00:00Z last=2024-12-17T05:00:00Z | asset_code=200 name='CATALENT, INC.' status=inactive
[35/143] CTRA: bars_code=200 n=1880 first=2018-11-09T05:00:00Z last=2026-05-06T04:00:00Z | asset_code=200 name='Coterra Energy Inc.' status=inactive
[36/143] CTXS: bars_code=200 n=1698 first=2016-01-04T05:00:00Z last=2022-09-29T04:00:00Z | asset_code=200 name='Citrix Systems, Inc. Common Stock' status=inactive
[37/143] CVC: bars_code=200 n=117 first=2016-01-04T05:00:00Z last=2016-06-20T04:00:00Z | asset_code=404 name=None status=None
[38/143] CXO: bars_code=200 n=1269 first=2016-01-04T05:00:00Z last=2021-01-15T05:00:00Z | asset_code=200 name='CONCHO RESOURCES INC.' status=inactive
[39/143] DAY: bars_code=200 n=503 first=2024-02-01T05:00:00Z last=2026-02-03T05:00:00Z | asset_code=200 name='Dayforce, Inc.' status=inactive
[40/143] DFS: bars_code=200 n=2357 first=2016-01-04T05:00:00Z last=2025-05-16T04:00:00Z | asset_code=200 name='Discover Financial Services' status=inactive
[41/143] DISCA: bars_code=200 n=1579 first=2016-01-04T05:00:00Z last=2022-04-08T04:00:00Z | asset_code=200 name='Discovery, Inc. Series A Common Stock' status=inactive
[42/143] DISCK: bars_code=200 n=1579 first=2016-01-04T05:00:00Z last=2022-04-08T04:00:00Z | asset_code=200 name='Discovery, Inc. Series C Common Stock' status=inactive
[43/143] DISH: bars_code=200 n=2012 first=2016-01-04T05:00:00Z last=2023-12-29T05:00:00Z | asset_code=200 name='DISH Network Corporation Class A Common Stock' status=inactive
[44/143] DNB: bars_code=200 n=2425 first=2016-01-04T05:00:00Z last=2025-08-25T04:00:00Z | asset_code=200 name='Dun & Bradstreet Holdings, Inc.' status=inactive
[45/143] DNR: bars_code=200 n=1150 first=2016-01-04T05:00:00Z last=2020-07-28T04:00:00Z | asset_code=404 name=None status=None
[46/143] DO: bars_code=200 n=2181 first=2016-01-04T05:00:00Z last=2024-09-03T04:00:00Z | asset_code=200 name='Diamond Offshore Drilling, Inc.' status=inactive
[47/143] DRE: bars_code=200 n=1699 first=2016-01-04T05:00:00Z last=2022-09-30T04:00:00Z | asset_code=200 name='Duke Realty Corp.' status=inactive
[48/143] DTV: bars_code=200 n=747 first=2016-10-11T04:00:00Z last=2019-09-30T04:00:00Z | asset_code=200 name='' status=inactive
[49/143] DWDP: bars_code=200 n=438 first=2017-09-01T04:00:00Z last=2019-05-31T04:00:00Z | asset_code=200 name='' status=inactive
[50/143] ENDP: bars_code=200 n=1674 first=2016-01-04T05:00:00Z last=2022-08-25T04:00:00Z | asset_code=404 name=None status=None
[51/143] ESV: bars_code=200 n=899 first=2016-01-04T05:00:00Z last=2019-07-30T04:00:00Z | asset_code=404 name=None status=None
[52/143] ETFC: bars_code=200 n=1196 first=2016-01-04T05:00:00Z last=2020-10-01T04:00:00Z | asset_code=200 name='E*TRADE Financial Corporation Common Stock' status=inactive
[53/143] FBHS: bars_code=200 n=1751 first=2016-01-04T05:00:00Z last=2022-12-14T05:00:00Z | asset_code=404 name=None status=None
[54/143] FDO: bars_code=200 n=0 first=None last=None | asset_code=404 name=None status=None
[55/143] FI: bars_code=200 n=2479 first=2016-01-04T05:00:00Z last=2025-11-10T05:00:00Z | asset_code=200 name='Fiserv, Inc.' status=inactive
[56/143] FL: bars_code=200 n=2433 first=2016-01-04T05:00:00Z last=2025-09-05T04:00:00Z | asset_code=200 name='Foot Locker, Inc.' status=inactive
[57/143] FLIR: bars_code=200 n=1350 first=2016-01-04T05:00:00Z last=2021-05-13T04:00:00Z | asset_code=200 name='FLIR Systems, Inc. (DE) Common Stock' status=inactive
[58/143] FLT: bars_code=200 n=2069 first=2016-01-04T05:00:00Z last=2024-03-22T04:00:00Z | asset_code=200 name='FleetCor Technologies, Inc.' status=inactive
[59/143] FRC: bars_code=200 n=1843 first=2016-01-04T05:00:00Z last=2023-04-28T04:00:00Z | asset_code=404 name=None status=None
[60/143] FTR: bars_code=200 n=1084 first=2016-01-04T05:00:00Z last=2020-04-23T04:00:00Z | asset_code=404 name=None status=None
[61/143] GAS: bars_code=200 n=125 first=2016-01-04T05:00:00Z last=2016-06-30T04:00:00Z | asset_code=404 name=None status=None
[62/143] GGP: bars_code=200 n=668 first=2016-01-04T05:00:00Z last=2018-08-27T04:00:00Z | asset_code=200 name='' status=inactive
[63/143] GMCR: bars_code=200 n=41 first=2016-01-04T05:00:00Z last=2016-03-02T05:00:00Z | asset_code=404 name=None status=None
[64/143] GPS: bars_code=200 n=2173 first=2016-01-04T05:00:00Z last=2024-08-21T04:00:00Z | asset_code=404 name=None status=None
[65/143] HAR: bars_code=200 n=299 first=2016-01-04T05:00:00Z last=2017-03-10T05:00:00Z | asset_code=404 name=None status=None
[66/143] HBI: bars_code=200 n=2492 first=2016-01-04T05:00:00Z last=2025-11-28T05:00:00Z | asset_code=200 name='Hanesbrands, Inc.' status=inactive
[67/143] HCBK: bars_code=200 n=0 first=None last=None | asset_code=404 name=None status=None
[68/143] HCP: bars_code=200 n=2301 first=2016-01-04T05:00:00Z last=2025-02-26T05:00:00Z | asset_code=200 name='HashiCorp, Inc. Class A Common Stock' status=inactive
[69/143] HES: bars_code=200 n=2398 first=2016-01-04T05:00:00Z last=2025-07-17T04:00:00Z | asset_code=200 name='Hess Corporation' status=inactive
[70/143] HFC: bars_code=200 n=1560 first=2016-01-04T05:00:00Z last=2022-03-14T04:00:00Z | asset_code=200 name='HOLLYFRONTIER CORP' status=inactive
[71/143] HOLX: bars_code=200 n=2578 first=2016-01-04T05:00:00Z last=2026-04-06T04:00:00Z | asset_code=200 name='Hologic, Inc. Common Stock' status=inactive
[72/143] HRS: bars_code=200 n=878 first=2016-01-04T05:00:00Z last=2019-06-28T04:00:00Z | asset_code=404 name=None status=None
[73/143] HSP: bars_code=200 n=0 first=None last=None | asset_code=404 name=None status=None
[74/143] IPG: bars_code=200 n=2491 first=2016-01-04T05:00:00Z last=2025-11-26T05:00:00Z | asset_code=200 name='The Interpublic Group of Companies, Inc.' status=inactive
[75/143] JEC: bars_code=200 n=991 first=2016-01-04T05:00:00Z last=2019-12-09T05:00:00Z | asset_code=404 name=None status=None
[76/143] JNPR: bars_code=200 n=2387 first=2016-01-04T05:00:00Z last=2025-07-01T04:00:00Z | asset_code=200 name='Juniper Networks Inc' status=inactive
[77/143] JOY: bars_code=200 n=317 first=2016-01-04T05:00:00Z last=2017-04-05T04:00:00Z | asset_code=404 name=None status=None
[78/143] JWN: bars_code=200 n=2359 first=2016-01-04T05:00:00Z last=2025-05-20T04:00:00Z | asset_code=200 name='Nordstrom, Inc.' status=inactive
[79/143] K: bars_code=200 n=2500 first=2016-01-04T05:00:00Z last=2025-12-10T05:00:00Z | asset_code=200 name='Kellanova' status=inactive
[80/143] KORS: bars_code=200 n=754 first=2016-01-04T05:00:00Z last=2018-12-31T05:00:00Z | asset_code=404 name=None status=None
[81/143] KRFT: bars_code=200 n=0 first=None last=None | asset_code=404 name=None status=None
[82/143] KSU: bars_code=200 n=1498 first=2016-01-04T05:00:00Z last=2021-12-13T05:00:00Z | asset_code=200 name='Kansas City Southern' status=inactive
[83/143] LLL: bars_code=200 n=1704 first=2016-01-04T05:00:00Z last=2022-10-07T04:00:00Z | asset_code=404 name=None status=None
[84/143] LLTC: bars_code=200 n=299 first=2016-01-04T05:00:00Z last=2017-03-10T05:00:00Z | asset_code=404 name=None status=None
[85/143] LM: bars_code=200 n=1153 first=2016-01-04T05:00:00Z last=2020-07-31T04:00:00Z | asset_code=200 name='Legg Mason, Inc.' status=inactive
[86/143] LO: bars_code=200 n=0 first=None last=None | asset_code=404 name=None status=None
[87/143] LVLT: bars_code=200 n=462 first=2016-01-04T05:00:00Z last=2017-10-31T04:00:00Z | asset_code=404 name=None status=None
[88/143] MJN: bars_code=200 n=365 first=2016-01-04T05:00:00Z last=2017-06-14T04:00:00Z | asset_code=404 name=None status=None
[89/143] MMC: bars_code=200 n=2522 first=2016-01-04T05:00:00Z last=2026-01-13T05:00:00Z | asset_code=404 name=None status=None
[90/143] MNK: bars_code=200 n=1926 first=2016-01-04T05:00:00Z last=2023-08-28T04:00:00Z | asset_code=404 name=None status=None
[91/143] MON: bars_code=200 n=1758 first=2016-01-04T05:00:00Z last=2022-12-23T05:00:00Z | asset_code=200 name='Monument Circle Acquisition Corp. Class A Common Stock' status=inactive
[92/143] MRO: bars_code=200 n=2238 first=2016-01-04T05:00:00Z last=2024-11-21T05:00:00Z | asset_code=200 name='Marathon Oil Corporation' status=inactive
[93/143] MWV: bars_code=200 n=0 first=None last=None | asset_code=404 name=None status=None
[94/143] MXIM: bars_code=200 n=1422 first=2016-01-04T05:00:00Z last=2021-08-25T04:00:00Z | asset_code=200 name='Maxim Integrated Products, Inc. Common Stock' status=inactive
[95/143] MYL: bars_code=200 n=1228 first=2016-01-04T05:00:00Z last=2020-11-16T05:00:00Z | asset_code=200 name='Mylan N.V. Ordinary Shares' status=inactive
[96/143] NBL: bars_code=200 n=1197 first=2016-01-04T05:00:00Z last=2020-10-02T04:00:00Z | asset_code=200 name='Noble Energy Inc. Common Stock' status=inactive
[97/143] NLOK: bars_code=200 n=758 first=2019-11-05T05:00:00Z last=2022-11-07T05:00:00Z | asset_code=404 name=None status=None
[98/143] NLSN: bars_code=200 n=1706 first=2016-01-04T05:00:00Z last=2022-10-11T04:00:00Z | asset_code=200 name='Nielsen Holdings plc' status=inactive
[99/143] PBCT: bars_code=200 n=1574 first=2016-01-04T05:00:00Z last=2022-04-01T04:00:00Z | asset_code=200 name="People's United Financial, Inc. Common Stock" status=inactive
[100/143] PCP: bars_code=200 n=19 first=2016-01-04T05:00:00Z last=2016-01-29T05:00:00Z | asset_code=404 name=None status=None
[101/143] PDCO: bars_code=200 n=2337 first=2016-01-04T05:00:00Z last=2025-04-17T04:00:00Z | asset_code=200 name='Patterson Companies, Inc. Common Stock' status=inactive
[102/143] PEAK: bars_code=200 n=1087 first=2019-11-05T05:00:00Z last=2024-03-01T05:00:00Z | asset_code=404 name=None status=None
[103/143] PETM: bars_code=200 n=0 first=None last=None | asset_code=404 name=None status=None
[104/143] PKI: bars_code=200 n=1854 first=2016-01-04T05:00:00Z last=2023-05-15T04:00:00Z | asset_code=404 name=None status=None
[105/143] PLL: bars_code=200 n=1687 first=2018-12-13T05:00:00Z last=2025-08-29T04:00:00Z | asset_code=200 name='Piedmont Lithium Inc. Common Stock' status=inactive
[106/143] PX: bars_code=200 n=2541 first=2016-01-04T05:00:00Z last=2026-02-10T05:00:00Z | asset_code=404 name=None status=None
[107/143] PXD: bars_code=200 n=2097 first=2016-01-04T05:00:00Z last=2024-05-02T04:00:00Z | asset_code=200 name='Pioneer Natural Resource Co.' status=inactive
[108/143] QEP: bars_code=200 n=1309 first=2016-01-04T05:00:00Z last=2021-03-16T04:00:00Z | asset_code=200 name='QEP RESOURCES, INC.' status=inactive
[109/143] RAI: bars_code=200 n=392 first=2016-01-04T05:00:00Z last=2017-07-24T04:00:00Z | asset_code=404 name=None status=None
[110/143] RE: bars_code=200 n=1890 first=2016-01-04T05:00:00Z last=2023-07-07T04:00:00Z | asset_code=404 name=None status=None
[111/143] RHT: bars_code=200 n=883 first=2016-01-04T05:00:00Z last=2019-07-08T04:00:00Z | asset_code=200 name='' status=inactive
[112/143] RTN: bars_code=200 n=1070 first=2016-01-04T05:00:00Z last=2020-04-02T04:00:00Z | asset_code=200 name='Raytheon Company' status=inactive
[113/143] SATS: bars_code=200 n=2632 first=2016-01-04T05:00:00Z last=2026-06-23T04:00:00Z | asset_code=404 name=None status=None
[114/143] SEE: bars_code=200 n=2580 first=2016-01-04T05:00:00Z last=2026-04-08T04:00:00Z | asset_code=200 name='Sealed Air Corp.' status=inactive
[115/143] SIAL: bars_code=200 n=0 first=None last=None | asset_code=404 name=None status=None
[116/143] SIVB: bars_code=200 n=1808 first=2016-01-04T05:00:00Z last=2023-03-09T05:00:00Z | asset_code=404 name=None status=None
[117/143] SNI: bars_code=200 n=547 first=2016-01-04T05:00:00Z last=2018-03-06T05:00:00Z | asset_code=404 name=None status=None
[118/143] SRCL: bars_code=200 n=2224 first=2016-01-04T05:00:00Z last=2024-11-01T04:00:00Z | asset_code=200 name='Stericycle, Inc. Common Stock' status=inactive
[119/143] STJ: bars_code=200 n=254 first=2016-01-04T05:00:00Z last=2017-01-04T05:00:00Z | asset_code=404 name=None status=None
[120/143] SWN: bars_code=200 n=2200 first=2016-01-04T05:00:00Z last=2024-09-30T04:00:00Z | asset_code=200 name='Southwestern Energy Company' status=inactive
[121/143] SWY: bars_code=200 n=0 first=None last=None | asset_code=404 name=None status=None
[122/143] SYMC: bars_code=200 n=967 first=2016-01-04T05:00:00Z last=2019-11-04T05:00:00Z | asset_code=404 name=None status=None
[123/143] TEG: bars_code=200 n=0 first=None last=None | asset_code=404 name=None status=None
[124/143] TGNA: bars_code=200 n=2568 first=2016-01-04T05:00:00Z last=2026-03-20T04:00:00Z | asset_code=200 name='TEGNA Inc.' status=inactive
[125/143] TIF: bars_code=200 n=1262 first=2016-01-04T05:00:00Z last=2021-01-06T05:00:00Z | asset_code=200 name='Tiffany & Co.' status=inactive
[126/143] TMK: bars_code=200 n=906 first=2016-01-04T05:00:00Z last=2019-08-08T04:00:00Z | asset_code=404 name=None status=None
[127/143] TSS: bars_code=200 n=933 first=2016-01-04T05:00:00Z last=2019-09-17T04:00:00Z | asset_code=200 name='' status=inactive
[128/143] TWC: bars_code=200 n=94 first=2016-01-04T05:00:00Z last=2016-05-17T04:00:00Z | asset_code=404 name=None status=None
[129/143] TWTR: bars_code=200 n=1718 first=2016-01-04T05:00:00Z last=2022-10-27T04:00:00Z | asset_code=200 name='Twitter, Inc.' status=inactive
[130/143] UTX: bars_code=200 n=1070 first=2016-01-04T05:00:00Z last=2020-04-02T04:00:00Z | asset_code=200 name='United Technologies Corporation' status=inactive
[131/143] VAR: bars_code=200 n=1329 first=2016-01-04T05:00:00Z last=2021-04-14T04:00:00Z | asset_code=200 name='Varian Medical Systems, Inc.' status=inactive
[132/143] VIAB: bars_code=200 n=988 first=2016-01-04T05:00:00Z last=2019-12-04T05:00:00Z | asset_code=200 name='Viacom Inc. Class B Common Stock' status=inactive
[133/143] VIAC: bars_code=200 n=555 first=2019-12-05T05:00:00Z last=2022-02-16T05:00:00Z | asset_code=404 name=None status=None
[134/143] WBA: bars_code=200 n=2427 first=2016-01-04T05:00:00Z last=2025-08-27T04:00:00Z | asset_code=200 name='Walgreens Boots Alliance, Inc. Common Stock' status=inactive
[135/143] WCG: bars_code=200 n=1021 first=2016-01-04T05:00:00Z last=2020-01-23T05:00:00Z | asset_code=200 name='Wellcare Health Plans, Inc.' status=inactive
[136/143] WFM: bars_code=200 n=416 first=2016-01-04T05:00:00Z last=2017-08-25T04:00:00Z | asset_code=404 name=None status=None
[137/143] WIN: bars_code=200 n=797 first=2016-01-04T05:00:00Z last=2019-03-05T05:00:00Z | asset_code=404 name=None status=None
[138/143] WLTW: bars_code=200 n=1515 first=2016-01-05T05:00:00Z last=2022-01-07T05:00:00Z | asset_code=404 name=None status=None
[139/143] WRK: bars_code=200 n=2140 first=2016-01-04T05:00:00Z last=2024-07-05T04:00:00Z | asset_code=200 name='WestRock Company' status=inactive
[140/143] WYND: bars_code=200 n=682 first=2018-06-01T04:00:00Z last=2021-02-16T05:00:00Z | asset_code=200 name='Wyndham Destinations, Inc. Common Stock' status=inactive
[141/143] XEC: bars_code=200 n=1447 first=2016-01-04T05:00:00Z last=2021-09-30T04:00:00Z | asset_code=200 name='CIMAREX ENERGY CO' status=inactive
[142/143] XL: bars_code=200 n=1729 first=2016-01-04T05:00:00Z last=2022-11-11T05:00:00Z | asset_code=200 name='XL Fleet Corp.' status=inactive
[143/143] XLNX: bars_code=200 n=1540 first=2016-01-04T05:00:00Z last=2022-02-11T05:00:00Z | asset_code=200 name='Xilinx, Inc. Common Stock' status=inactive
DONE
