Fetching universe + price data (same window as the two production runs)...
$DISCK: possibly delisted; no timezone found
$FI: possibly delisted; no timezone found
HTTP Error 404: {"quoteSummary":{"result":null,"error":{"code":"Not Found","description":"Quote not found for symbol: ANSS"}}}
$ANSS: possibly delisted; no timezone found
$ABC: possibly delisted; no timezone found
$LO: possibly delisted; no price data found  (1d 2012-09-09 -> 2026-08-26)
$QEP: possibly delisted; no timezone found
$VIAB: possibly delisted; no timezone found
$FRC: possibly delisted; no timezone found
$CTLT: possibly delisted; no timezone found
$COG: possibly delisted; no timezone found
$XLNX: possibly delisted; no timezone found
$KSU: possibly delisted; no timezone found
$PBCT: possibly delisted; no timezone found
$COV: possibly delisted; no price data found  (1d 2012-09-09 -> 2026-08-26)
$ATVI: possibly delisted; no timezone found
$CFN: possibly delisted; no price data found  (1d 2012-09-09 -> 2026-08-26)
$BXLT: possibly delisted; no price data found  (1d 2012-09-09 -> 2026-08-26)
$CMCSK: possibly delisted; no price data found  (1d 2012-09-09 -> 2026-08-26)
$WYND: possibly delisted; no timezone found
$FLT: possibly delisted; no timezone found
$ARNC: possibly delisted; no timezone found
$DFS: possibly delisted; no timezone found
$CPGX: possibly delisted; no price data found  (1d 2012-09-09 -> 2026-08-26)
$GMCR: possibly delisted; no price data found  (1d 2012-09-09 -> 2026-08-26)
$WLTW: possibly delisted; no timezone found
$ENDP: possibly delisted; no timezone found
$JWN: possibly delisted; no timezone found
$PXD: possibly delisted; no timezone found
$FDO: possibly delisted; no price data found  (1d 2012-09-09 -> 2026-08-26)
$PX: possibly delisted; no timezone found
$SEE: possibly delisted; no timezone found
$WRK: possibly delisted; no timezone found
$HOLX: possibly delisted; no timezone found
$KRFT: possibly delisted; no price data found  (1d 2012-09-09 -> 2026-08-26)
$MYL: possibly delisted; no timezone found
$WIN: possibly delisted; no timezone found
$STJ: possibly delisted; no price data found  (1d 2012-09-09 -> 2026-08-26)
$BCR: possibly delisted; no price data found  (1d 2012-09-09 -> 2026-08-26)
$SWN: possibly delisted; no timezone found
$SNI: possibly delisted; no price data found  (1d 2012-09-09 -> 2026-08-26)
$FBHS: possibly delisted; no timezone found
$JNPR: possibly delisted; no timezone found
$TWC: possibly delisted; no price data found  (1d 2012-09-09 -> 2026-08-26)
$IPG: possibly delisted; no timezone found
$ANTM: possibly delisted; no timezone found
$CHK: possibly delisted; no timezone found
$CXO: possibly delisted; no timezone found
$DRE: possibly delisted; no timezone found
$GAS: possibly delisted; no price data found  (1d 2012-09-09 -> 2026-08-26)
$VIAC: possibly delisted; no timezone found
$ADS: possibly delisted; no timezone found
$DNB: possibly delisted; no timezone found
$CELG: possibly delisted; no timezone found
$LM: possibly delisted; no timezone found
$BRCM: possibly delisted; no price data found  (1d 2012-09-09 -> 2026-08-26)
$HCBK: possibly delisted; no price data found  (1d 2012-09-09 -> 2026-08-26)
$DWDP: possibly delisted; no timezone found
$CTRA: possibly delisted; no timezone found
$CDAY: possibly delisted; no timezone found
$SYMC: possibly delisted; no timezone found
$DO: possibly delisted; no timezone found
$GGP: possibly delisted; no price data found  (1d 2012-09-09 -> 2026-08-26)
$BK: possibly delisted; no timezone found
$TGNA: possibly delisted; no timezone found
$CMA: possibly delisted; no timezone found
$TEG: possibly delisted; no price data found  (1d 2012-09-09 -> 2026-08-26)
$JOY: possibly delisted; no price data found  (1d 2012-09-09 -> 2026-08-26)
$HES: possibly delisted; no timezone found
$SRCL: possibly delisted; no timezone found
$PCP: possibly delisted; no price data found  (1d 2012-09-09 -> 2026-08-26)
$KORS: possibly delisted; no price data found  (1d 2012-09-09 -> 2026-08-26)
$MWV: possibly delisted; no price data found  (1d 2012-09-09 -> 2026-08-26)
$K: possibly delisted; no timezone found
$JEC: possibly delisted; no timezone found
$HFC: possibly delisted; no timezone found
$CA: possibly delisted; no timezone found
$CCE: possibly delisted; no price data found  (1d 2012-09-09 -> 2026-08-26)
$TIF: possibly delisted; no timezone found
$LLTC: possibly delisted; no price data found  (1d 2012-09-09 -> 2026-08-26)
$ARG: possibly delisted; no price data found  (1d 2012-09-09 -> 2026-08-26)
$MMC: possibly delisted; no timezone found
$DNR: possibly delisted; no timezone found
$RHT: possibly delisted; no timezone found
$CVC: possibly delisted; no price data found  (1d 2012-09-09 -> 2026-08-26)
$CERN: possibly delisted; no timezone found
$DTV: possibly delisted; no timezone found
$RTN: possibly delisted; no timezone found
$GPS: possibly delisted; no timezone found
$NLOK: possibly delisted; no timezone found
$PDCO: possibly delisted; no timezone found
$PETM: possibly delisted; no price data found  (1d 2012-09-09 -> 2026-08-26)
$HSP: possibly delisted; no price data found  (1d 2012-09-09 -> 2026-08-26)
$MXIM: possibly delisted; no timezone found
$DISCA: possibly delisted; no timezone found
$LVLT: possibly delisted; no price data found  (1d 2012-09-09 -> 2026-08-26)
$RAI: possibly delisted; no price data found  (1d 2012-09-09 -> 2026-08-26)
$ABMD: possibly delisted; no timezone found
$LLL: possibly delisted; no timezone found
$RE: possibly delisted; no timezone found
$NBL: possibly delisted; no timezone found
$ESV: possibly delisted; no timezone found
$XEC: possibly delisted; no timezone found
$PEAK: possibly delisted; no timezone found
$SATS: No data found, symbol may be delisted
$MRO: possibly delisted; no timezone found
$SIAL: possibly delisted; no price data found  (1d 2012-09-09 -> 2026-08-26)
$SWY: possibly delisted; no price data found  (1d 2012-09-09 -> 2026-08-26)
$FL: possibly delisted; no timezone found
$HBI: possibly delisted; no timezone found
$DISH: possibly delisted; no timezone found
$NLSN: possibly delisted; no timezone found
$TMK: possibly delisted; no timezone found
$ALXN: possibly delisted; no timezone found
$AVP: possibly delisted; no timezone found
$TSS: possibly delisted; no timezone found
$HCP: possibly delisted; no timezone found
$ETFC: possibly delisted; no timezone found
$FTR: possibly delisted; no timezone found
$ALTR: possibly delisted; no timezone found
$MJN: possibly delisted; no price data found  (1d 2012-09-09 -> 2026-08-26)
$HAR: possibly delisted; no price data found  (1d 2012-09-09 -> 2026-08-26)
$WBA: possibly delisted; no timezone found
$CTXS: possibly delisted; no timezone found
$WCG: possibly delisted; no timezone found
$AGN: possibly delisted; no timezone found
$DAY: possibly delisted; no timezone found
$CBS: possibly delisted; no timezone found
$PKI: possibly delisted; no timezone found
$BLL: possibly delisted; no timezone found
$HRS: possibly delisted; no timezone found
$CTL: possibly delisted; no timezone found
$XL: possibly delisted; no timezone found
$PLL: possibly delisted; no timezone found
$MON: possibly delisted; no timezone found
$SIVB: possibly delisted; no timezone found
$FLIR: possibly delisted; no timezone found
$BHGE: possibly delisted; no timezone found
$UTX: possibly delisted; no timezone found
$MNK: possibly delisted; no timezone found
$WFM: possibly delisted; no price data found  (1d 2012-09-09 -> 2026-08-26)
$TWTR: possibly delisted; no timezone found
$VAR: possibly delisted; no timezone found
$AABA: possibly delisted; no timezone found

143 Failed downloads:
['DISCK', 'FI', 'ANSS', 'ABC', 'QEP', 'VIAB', 'FRC', 'CTLT', 'COG', 'XLNX', 'KSU', 'PBCT', 'ATVI', 'WYND', 'FLT', 'ARNC', 'DFS', 'WLTW', 'ENDP', 'JWN', 'PXD', 'PX', 'SEE', 'WRK', 'HOLX', 'MYL', 'WIN', 'SWN', 'FBHS', 'JNPR', 'IPG', 'ANTM', 'CHK', 'CXO', 'DRE', 'VIAC', 'ADS', 'DNB', 'CELG', 'LM', 'DWDP', 'CTRA', 'CDAY', 'SYMC', 'DO', 'BK', 'TGNA', 'CMA', 'HES', 'SRCL', 'K', 'JEC', 'HFC', 'CA', 'TIF', 'MMC', 'DNR', 'RHT', 'CERN', 'DTV', 'RTN', 'GPS', 'NLOK', 'PDCO', 'MXIM', 'DISCA', 'ABMD', 'LLL', 'RE', 'NBL', 'ESV', 'XEC', 'PEAK', 'MRO', 'FL', 'HBI', 'DISH', 'NLSN', 'TMK', 'ALXN', 'AVP', 'TSS', 'HCP', 'ETFC', 'FTR', 'ALTR', 'WBA', 'CTXS', 'WCG', 'AGN', 'DAY', 'CBS', 'PKI', 'BLL', 'HRS', 'CTL', 'XL', 'PLL', 'MON', 'SIVB', 'FLIR', 'BHGE', 'UTX', 'MNK', 'TWTR', 'VAR', 'AABA']: possibly delisted; no timezone found
['LO', 'COV', 'CFN', 'BXLT', 'CMCSK', 'CPGX', 'GMCR', 'FDO', 'KRFT', 'STJ', 'BCR', 'SNI', 'TWC', 'GAS', 'BRCM', 'HCBK', 'GGP', 'TEG', 'JOY', 'PCP', 'KORS', 'MWV', 'CCE', 'LLTC', 'ARG', 'CVC', 'PETM', 'HSP', 'LVLT', 'RAI', 'SIAL', 'SWY', 'MJN', 'HAR', 'WFM']: possibly delisted; no price data found  (1d 2012-09-09 -> 2026-08-26)
['SATS']: No data found, symbol may be delisted
Resolved 625 tickers, 143 missing

=== lps_intraday_l252_h63 ===
formations used: 47, long obs: 2113, short obs: 2114
  LONG: corr(weight, fwd_return)=-0.0120  extreme-quartile mean fwd ret=+3.8957%  marginal-quartile mean fwd ret=+3.8021%  (n=2113)
  SHORT: corr(weight, fwd_return)=-0.0518  extreme-quartile mean fwd ret=+0.8042%  marginal-quartile mean fwd ret=+2.8416%  (n=2114)

=== cgo_ls_decile_l252_h126 ===
formations used: 24, long obs: 1079, short obs: 1080
  LONG: corr(weight, fwd_return)=+0.0539  extreme-quartile mean fwd ret=+10.2838%  marginal-quartile mean fwd ret=+8.7956%  (n=1079)
  SHORT: corr(weight, fwd_return)=+0.0100  extreme-quartile mean fwd ret=+6.9552%  marginal-quartile mean fwd ret=+6.7346%  (n=1080)

Done.
