[100/344] DHR 15Min: ok bars=36618 total=73364 elapsed=62s
[110/344] LMT 15Min: ok bars=36638 total=440228 elapsed=389s
[120/344] BX 15Min: ok bars=36639 total=806990 elapsed=773s
[130/344] VLO 15Min: ok bars=36627 total=1171954 elapsed=1130s
[140/344] FIX 15Min: ok bars=36469 total=1538676 elapsed=2498s
[150/344] OXY 15Min: ok bars=36707 total=1905533 elapsed=2843s
[160/344] BLDR 15Min: ok bars=36652 total=2272696 elapsed=3217s
[170/344] FND 15Min: ok bars=36632 total=2637641 elapsed=3522s
[180/344] AEO 15Min: ok bars=36670 total=3004318 elapsed=3785s
[190/344] OSK 15Min: ok bars=36612 total=3370809 elapsed=4060s
[200/344] KEX 15Min: ok bars=36631 total=3737343 elapsed=4346s
[210/344] CRUS 15Min: ok bars=36704 total=4104007 elapsed=4650s
[220/344] SIG 15Min: ok bars=36637 total=4469311 elapsed=5002s
[230/344] HCC 15Min: ok bars=36635 total=4835863 elapsed=5317s
[240/344] PLXS 15Min: ok bars=35791 total=5199294 elapsed=5564s
[250/344] PZZA 15Min: ok bars=36715 total=5566089 elapsed=5910s
[260/344] WWW 15Min: ok bars=36609 total=5932990 elapsed=6355s
[270/344] BLMN 15Min: ok bars=36719 total=6295203 elapsed=6738s
[280/344] WMK 15Min: ok bars=34186 total=6655029 elapsed=6996s
[290/344] AMD 1Min: ok bars=355528 total=8931800 elapsed=8229s
[300/344] NFLX 1Min: ok bars=353392 total=12479772 elapsed=10270s
[310/344] XOM 1Min: ok bars=354831 total=15984935 elapsed=11757s
[320/344] RMBS 1Min: ok bars=324837 total=19380648 elapsed=12809s
[330/344] VIAV 1Min: ok bars=329444 total=22568699 elapsed=13896s
[340/344] HUN 1Min: ok bars=346833 total=25801660 elapsed=15318s
ALL DONE: 246 fetched, 27069410 bars in 15788s
