$PCP: possibly delisted; no price data found  (1d 2012-09-09 -> 2026-08-26)
$AGN: possibly delisted; no timezone found
$CTL: possibly delisted; no timezone found
$CFN: possibly delisted; no price data found  (1d 2012-09-09 -> 2026-08-26)
$LM: possibly delisted; no timezone found
$ARNC: possibly delisted; no timezone found
$TGNA: possibly delisted; no timezone found
HTTP Error 404: {"quoteSummary":{"result":null,"error":{"code":"Not Found","description":"Quote not found for symbol: PX"}}}
$HCBK: possibly delisted; no price data found  (1d 2012-09-09 -> 2026-08-26)
$STJ: possibly delisted; no price data found  (1d 2012-09-09 -> 2026-08-26)
$BHGE: possibly delisted; no timezone found
$CTXS: possibly delisted; no timezone found
$CDAY: possibly delisted; no timezone found
$WIN: possibly delisted; no timezone found
$GAS: possibly delisted; no price data found  (1d 2012-09-09 -> 2026-08-26)
$SNI: possibly delisted; no price data found  (1d 2012-09-09 -> 2026-08-26)
$PX: possibly delisted; no timezone found
$DISCK: possibly delisted; no timezone found
$MWV: possibly delisted; no price data found  (1d 2012-09-09 -> 2026-08-26)
$HBI: possibly delisted; no timezone found
$DNR: possibly delisted; no timezone found
$XL: possibly delisted; no timezone found
$PDCO: possibly delisted; no timezone found
$SIAL: possibly delisted; no price data found  (1d 2012-09-09 -> 2026-08-26)
$PLL: possibly delisted; no timezone found
$WRK: possibly delisted; no timezone found
$FLIR: possibly delisted; no timezone found
$KRFT: possibly delisted; no price data found  (1d 2012-09-09 -> 2026-08-26)
$SWN: possibly delisted; no timezone found
$CTRA: possibly delisted; no timezone found
$ATVI: possibly delisted; no timezone found
$QEP: possibly delisted; no timezone found
$SRCL: possibly delisted; no timezone found
$PKI: possibly delisted; no timezone found
$DRE: possibly delisted; no timezone found
$GMCR: possibly delisted; no price data found  (1d 2012-09-09 -> 2026-08-26)
$NBL: possibly delisted; no timezone found
$NLSN: possibly delisted; no timezone found
$DTV: possibly delisted; no timezone found
$CA: possibly delisted; no timezone found
$CXO: possibly delisted; no timezone found
$HOLX: possibly delisted; no timezone found
$MXIM: possibly delisted; no timezone found
$RE: possibly delisted; no timezone found
$HRS: possibly delisted; no timezone found
$RHT: possibly delisted; no timezone found
$HES: possibly delisted; no timezone found
$GPS: possibly delisted; no timezone found
$MNK: possibly delisted; no timezone found
$FI: possibly delisted; no timezone found
$PXD: possibly delisted; no timezone found
$SYMC: possibly delisted; no timezone found
$PEAK: possibly delisted; no timezone found
$FBHS: possibly delisted; no timezone found
$BCR: possibly delisted; no price data found  (1d 2012-09-09 -> 2026-08-26)
$SATS: No data found, symbol may be delisted
$WCG: possibly delisted; no timezone found
$WYND: possibly delisted; no timezone found
$UTX: possibly delisted; no timezone found
$BLL: possibly delisted; no timezone found
$HCP: possibly delisted; no timezone found
$VIAB: possibly delisted; no timezone found
$LLL: possibly delisted; no timezone found
$KORS: possibly delisted; no price data found  (1d 2012-09-09 -> 2026-08-26)
$BXLT: possibly delisted; no price data found  (1d 2012-09-09 -> 2026-08-26)
$RAI: possibly delisted; no price data found  (1d 2012-09-09 -> 2026-08-26)
$CERN: possibly delisted; no timezone found
$ABC: possibly delisted; no timezone found
$CELG: possibly delisted; no timezone found
$FDO: possibly delisted; no price data found  (1d 2012-09-09 -> 2026-08-26)
$SIVB: possibly delisted; no timezone found
$AVP: possibly delisted; no timezone found
$LLTC: possibly delisted; no price data found  (1d 2012-09-09 -> 2026-08-26)
$ADS: possibly delisted; no timezone found
$CCE: possibly delisted; no price data found  (1d 2012-09-09 -> 2026-08-26)
$DO: possibly delisted; no timezone found
$TWTR: possibly delisted; no timezone found
$WFM: possibly delisted; no price data found  (1d 2012-09-09 -> 2026-08-26)
$FTR: possibly delisted; no timezone found
$XEC: possibly delisted; no timezone found
$DFS: possibly delisted; no timezone found
$JOY: possibly delisted; no price data found  (1d 2012-09-09 -> 2026-08-26)
$FL: possibly delisted; no timezone found
$DAY: possibly delisted; no timezone found
$SEE: possibly delisted; no timezone found
$NLOK: possibly delisted; no timezone found
$ENDP: possibly delisted; no timezone found
$CMCSK: possibly delisted; no price data found  (1d 2012-09-09 -> 2026-08-26)
$TSS: possibly delisted; no timezone found
$ANTM: possibly delisted; no timezone found
$SWY: possibly delisted; no price data found  (1d 2012-09-09 -> 2026-08-26)
$HSP: possibly delisted; no price data found  (1d 2012-09-09 -> 2026-08-26)
$PETM: possibly delisted; no price data found  (1d 2012-09-09 -> 2026-08-26)
$ALTR: possibly delisted; no timezone found
$MRO: possibly delisted; no timezone found
$ETFC: possibly delisted; no timezone found
$CPGX: possibly delisted; no price data found  (1d 2012-09-09 -> 2026-08-26)
$AABA: possibly delisted; no timezone found
$HFC: possibly delisted; no timezone found
$XLNX: possibly delisted; no timezone found
$BRCM: possibly delisted; no price data found  (1d 2012-09-09 -> 2026-08-26)
$LVLT: possibly delisted; no price data found  (1d 2012-09-09 -> 2026-08-26)
$CHK: possibly delisted; no timezone found
$RTN: possibly delisted; no timezone found
$DNB: possibly delisted; no timezone found
$LO: possibly delisted; no price data found  (1d 2012-09-09 -> 2026-08-26)
$ANSS: possibly delisted; no timezone found
$PBCT: possibly delisted; no timezone found
$COV: possibly delisted; no price data found  (1d 2012-09-09 -> 2026-08-26)
$JEC: possibly delisted; no timezone found
$MMC: possibly delisted; no timezone found
$FLT: possibly delisted; no timezone found
$COG: possibly delisted; no timezone found
$FRC: possibly delisted; no timezone found
$CMA: possibly delisted; no timezone found
$TIF: possibly delisted; no timezone found
$JWN: possibly delisted; no timezone found
$TWC: possibly delisted; no price data found  (1d 2012-09-09 -> 2026-08-26)
$MJN: possibly delisted; no price data found  (1d 2012-09-09 -> 2026-08-26)
$ARG: possibly delisted; no price data found  (1d 2012-09-09 -> 2026-08-26)
$CTLT: possibly delisted; no timezone found
$IPG: possibly delisted; no timezone found
$VIAC: possibly delisted; no timezone found
$CVC: possibly delisted; no price data found  (1d 2012-09-09 -> 2026-08-26)
$CBS: possibly delisted; no timezone found
$ALXN: possibly delisted; no timezone found
$TMK: possibly delisted; no timezone found
$WLTW: possibly delisted; no timezone found
$WBA: possibly delisted; no timezone found
$HAR: possibly delisted; no price data found  (1d 2012-09-09 -> 2026-08-26)
$MON: possibly delisted; no timezone found
$VAR: possibly delisted; no timezone found
$TEG: possibly delisted; no price data found  (1d 2012-09-09 -> 2026-08-26)
$ABMD: possibly delisted; no timezone found
$KSU: possibly delisted; no timezone found
$BK: possibly delisted; no timezone found
$DISCA: possibly delisted; no timezone found
$ESV: possibly delisted; no timezone found
$GGP: possibly delisted; no price data found  (1d 2012-09-09 -> 2026-08-26)
$JNPR: possibly delisted; no timezone found
$MYL: possibly delisted; no timezone found
$K: possibly delisted; no timezone found
$DWDP: possibly delisted; no timezone found
$DISH: possibly delisted; no timezone found

143 Failed downloads:
['PCP', 'CFN', 'HCBK', 'STJ', 'GAS', 'SNI', 'MWV', 'SIAL', 'KRFT', 'GMCR', 'BCR', 'KORS', 'BXLT', 'RAI', 'FDO', 'LLTC', 'CCE', 'WFM', 'JOY', 'CMCSK', 'SWY', 'HSP', 'PETM', 'CPGX', 'BRCM', 'LVLT', 'LO', 'COV', 'TWC', 'MJN', 'ARG', 'CVC', 'HAR', 'TEG', 'GGP']: possibly delisted; no price data found  (1d 2012-09-09 -> 2026-08-26)
['AGN', 'CTL', 'LM', 'ARNC', 'TGNA', 'BHGE', 'CTXS', 'CDAY', 'WIN', 'PX', 'DISCK', 'HBI', 'DNR', 'XL', 'PDCO', 'PLL', 'WRK', 'FLIR', 'SWN', 'CTRA', 'ATVI', 'QEP', 'SRCL', 'PKI', 'DRE', 'NBL', 'NLSN', 'DTV', 'CA', 'CXO', 'HOLX', 'MXIM', 'RE', 'HRS', 'RHT', 'HES', 'GPS', 'MNK', 'FI', 'PXD', 'SYMC', 'PEAK', 'FBHS', 'WCG', 'WYND', 'UTX', 'BLL', 'HCP', 'VIAB', 'LLL', 'CERN', 'ABC', 'CELG', 'SIVB', 'AVP', 'ADS', 'DO', 'TWTR', 'FTR', 'XEC', 'DFS', 'FL', 'DAY', 'SEE', 'NLOK', 'ENDP', 'TSS', 'ANTM', 'ALTR', 'MRO', 'ETFC', 'AABA', 'HFC', 'XLNX', 'CHK', 'RTN', 'DNB', 'ANSS', 'PBCT', 'JEC', 'MMC', 'FLT', 'COG', 'FRC', 'CMA', 'TIF', 'JWN', 'CTLT', 'IPG', 'VIAC', 'CBS', 'ALXN', 'TMK', 'WLTW', 'WBA', 'MON', 'VAR', 'ABMD', 'KSU', 'BK', 'DISCA', 'ESV', 'JNPR', 'MYL', 'K', 'DWDP', 'DISH']: possibly delisted; no timezone found
['SATS']: No data found, symbol may be delisted
768 universe size
143 missing
AABA
ABC
ABMD
ADS
AGN
ALTR
ALXN
ANSS
ANTM
ARG
ARNC
ATVI
AVP
BCR
BHGE
BK
BLL
BRCM
BXLT
CA
CBS
CCE
CDAY
CELG
CERN
CFN
CHK
CMA
CMCSK
COG
COV
CPGX
CTL
CTLT
CTRA
CTXS
CVC
CXO
DAY
DFS
DISCA
DISCK
DISH
DNB
DNR
DO
DRE
DTV
DWDP
ENDP
ESV
ETFC
FBHS
FDO
FI
FL
FLIR
FLT
FRC
FTR
GAS
GGP
GMCR
GPS
HAR
HBI
HCBK
HCP
HES
HFC
HOLX
HRS
HSP
IPG
JEC
JNPR
JOY
JWN
K
KORS
KRFT
KSU
LLL
LLTC
LM
LO
LVLT
MJN
MMC
MNK
MON
MRO
MWV
MXIM
MYL
NBL
NLOK
NLSN
PBCT
PCP
PDCO
PEAK
PETM
PKI
PLL
PX
PXD
QEP
RAI
RE
RHT
RTN
SATS
SEE
SIAL
SIVB
SNI
SRCL
STJ
SWN
SWY
SYMC
TEG
TGNA
TIF
TMK
TSS
TWC
TWTR
UTX
VAR
VIAB
VIAC
WBA
WCG
WFM
WIN
WLTW
WRK
WYND
XEC
XL
XLNX
