AAPL 340 2015-10-28 -> 2026-08-05 span=10.77y
MSFT 621 2015-10-23 -> 2026-07-31 span=10.77y
XOM 567 2015-11-04 -> 2026-08-11 span=10.77y
JPM 570 2015-11-02 -> 2026-08-08 span=10.77y
PG 537 2015-10-23 -> 2026-08-06 span=10.79y
KO 542 2015-10-28 -> 2026-07-31 span=10.76y
T 516 2015-10-23 -> 2026-07-24 span=10.75y
IBM 501 2015-10-27 -> 2026-07-24 span=10.74y
GE 543 2015-11-20 -> 2026-07-18 span=10.66y
CVX 467 2015-11-06 -> 2026-08-08 span=10.75y
WMT 485 2015-12-02 -> 2026-06-01 span=10.50y
HD 532 2015-11-24 -> 2026-08-26 span=10.75y
MRK 564 2015-11-06 -> 2026-08-11 span=10.76y
PFE 549 2015-11-24 -> 2026-08-06 span=10.70y
CSCO 548 2015-11-20 -> 2026-05-20 span=10.50y
ORCL 405 2015-09-25 -> 2026-06-23 span=10.74y
INTC 445 2015-10-28 -> 2026-08-14 span=10.80y
BA 600 2015-10-21 -> 2026-07-30 span=10.77y
CAT 484 2015-10-30 -> 2026-08-07 span=10.77y
DIS 555 2015-11-25 -> 2026-08-07 span=10.70y
DONE
