03:49:00 318 of 344 ticker-group tasks pending
03:49:00 waiting for bars: 203 tasks still lack bars files
03:51:00 waiting for bars: 200 tasks still lack bars files
03:53:00 waiting for bars: 197 tasks still lack bars files
03:55:00 waiting for bars: 193 tasks still lack bars files
03:57:15 waiting for bars: 189 tasks still lack bars files
03:59:15 waiting for bars: 186 tasks still lack bars files
04:01:15 waiting for bars: 183 tasks still lack bars files
04:03:15 waiting for bars: 179 tasks still lack bars files
04:05:15 waiting for bars: 175 tasks still lack bars files
04:07:15 waiting for bars: 170 tasks still lack bars files
04:09:15 waiting for bars: 166 tasks still lack bars files
04:11:15 waiting for bars: 161 tasks still lack bars files
04:13:15 waiting for bars: 157 tasks still lack bars files
04:15:15 waiting for bars: 153 tasks still lack bars files
04:17:15 waiting for bars: 148 tasks still lack bars files
04:19:15 waiting for bars: 144 tasks still lack bars files
04:21:15 waiting for bars: 141 tasks still lack bars files
04:23:15 waiting for bars: 136 tasks still lack bars files
04:25:15 waiting for bars: 133 tasks still lack bars files
04:27:15 waiting for bars: 128 tasks still lack bars files
04:29:15 waiting for bars: 125 tasks still lack bars files
04:31:15 waiting for bars: 122 tasks still lack bars files
04:33:15 waiting for bars: 119 tasks still lack bars files
04:35:15 waiting for bars: 115 tasks still lack bars files
04:37:15 waiting for bars: 110 tasks still lack bars files
04:39:15 waiting for bars: 105 tasks still lack bars files
04:41:15 waiting for bars: 101 tasks still lack bars files
04:43:15 waiting for bars: 98 tasks still lack bars files
04:45:15 waiting for bars: 94 tasks still lack bars files
04:47:15 waiting for bars: 91 tasks still lack bars files
04:49:15 waiting for bars: 89 tasks still lack bars files
04:51:15 waiting for bars: 86 tasks still lack bars files
04:53:15 waiting for bars: 84 tasks still lack bars files
04:55:15 waiting for bars: 81 tasks still lack bars files
04:57:15 waiting for bars: 78 tasks still lack bars files
04:59:15 waiting for bars: 74 tasks still lack bars files
05:01:15 waiting for bars: 69 tasks still lack bars files
05:03:15 waiting for bars: 65 tasks still lack bars files
05:05:15 waiting for bars: 60 tasks still lack bars files
05:07:15 waiting for bars: 60 tasks still lack bars files
05:09:15 waiting for bars: 59 tasks still lack bars files
05:11:15 waiting for bars: 58 tasks still lack bars files
05:13:15 waiting for bars: 58 tasks still lack bars files
05:15:15 waiting for bars: 57 tasks still lack bars files
05:17:15 waiting for bars: 56 tasks still lack bars files
05:19:15 waiting for bars: 56 tasks still lack bars files
05:21:15 waiting for bars: 55 tasks still lack bars files
05:23:15 waiting for bars: 55 tasks still lack bars files
05:25:15 waiting for bars: 54 tasks still lack bars files
05:27:15 waiting for bars: 54 tasks still lack bars files
05:29:15 waiting for bars: 53 tasks still lack bars files
05:31:15 waiting for bars: 53 tasks still lack bars files
05:33:15 waiting for bars: 52 tasks still lack bars files
05:35:15 waiting for bars: 51 tasks still lack bars files
05:37:15 waiting for bars: 51 tasks still lack bars files
05:39:15 waiting for bars: 50 tasks still lack bars files
05:41:15 waiting for bars: 49 tasks still lack bars files
05:43:15 waiting for bars: 49 tasks still lack bars files
05:45:15 waiting for bars: 48 tasks still lack bars files
05:47:15 waiting for bars: 48 tasks still lack bars files
05:49:15 waiting for bars: 47 tasks still lack bars files
05:51:15 waiting for bars: 47 tasks still lack bars files
05:53:15 waiting for bars: 46 tasks still lack bars files
05:55:15 waiting for bars: 45 tasks still lack bars files
05:57:15 waiting for bars: 45 tasks still lack bars files
05:59:15 waiting for bars: 44 tasks still lack bars files
06:01:15 waiting for bars: 43 tasks still lack bars files
06:03:15 waiting for bars: 42 tasks still lack bars files
06:05:15 waiting for bars: 42 tasks still lack bars files
06:07:15 waiting for bars: 41 tasks still lack bars files
06:09:15 waiting for bars: 40 tasks still lack bars files
06:11:15 waiting for bars: 39 tasks still lack bars files
06:13:15 waiting for bars: 39 tasks still lack bars files
06:15:15 waiting for bars: 38 tasks still lack bars files
06:17:15 waiting for bars: 37 tasks still lack bars files
06:19:15 waiting for bars: 36 tasks still lack bars files
06:21:15 waiting for bars: 35 tasks still lack bars files
06:23:15 waiting for bars: 34 tasks still lack bars files
06:25:15 waiting for bars: 33 tasks still lack bars files
06:27:15 waiting for bars: 32 tasks still lack bars files
06:29:15 waiting for bars: 31 tasks still lack bars files
06:31:15 waiting for bars: 30 tasks still lack bars files
06:33:15 waiting for bars: 29 tasks still lack bars files
06:35:15 waiting for bars: 28 tasks still lack bars files
06:37:15 waiting for bars: 27 tasks still lack bars files
06:39:15 waiting for bars: 25 tasks still lack bars files
06:41:15 waiting for bars: 24 tasks still lack bars files
06:43:15 waiting for bars: 23 tasks still lack bars files
06:45:16 waiting for bars: 21 tasks still lack bars files
06:47:16 waiting for bars: 20 tasks still lack bars files
06:49:16 waiting for bars: 19 tasks still lack bars files
06:51:16 waiting for bars: 18 tasks still lack bars files
06:53:16 waiting for bars: 17 tasks still lack bars files
06:55:16 waiting for bars: 16 tasks still lack bars files
06:57:16 waiting for bars: 15 tasks still lack bars files
06:59:16 waiting for bars: 14 tasks still lack bars files
07:01:16 waiting for bars: 14 tasks still lack bars files
07:03:16 waiting for bars: 13 tasks still lack bars files
07:05:16 waiting for bars: 12 tasks still lack bars files
07:07:16 waiting for bars: 11 tasks still lack bars files
07:09:16 waiting for bars: 10 tasks still lack bars files
07:11:16 waiting for bars: 9 tasks still lack bars files
07:13:16 waiting for bars: 8 tasks still lack bars files
07:15:16 waiting for bars: 7 tasks still lack bars files
07:17:16 waiting for bars: 7 tasks still lack bars files
07:19:16 waiting for bars: 6 tasks still lack bars files
07:21:16 waiting for bars: 5 tasks still lack bars files
07:23:16 waiting for bars: 4 tasks still lack bars files
07:25:16 waiting for bars: 3 tasks still lack bars files
07:27:16 waiting for bars: 2 tasks still lack bars files
07:29:16 waiting for bars: 1 tasks still lack bars files
07:31:16 [1/318] 15m/MCD: ok n_bars=36657 n_patterns=368 secs=1362 total_elapsed=13336s
07:31:16 [2/318] 15m/CSCO: ok n_bars=36771 n_patterns=368 secs=1616 total_elapsed=13336s
07:31:16 [3/318] 15m/BAC: ok n_bars=36705 n_patterns=368 secs=1608 total_elapsed=13336s
07:31:16 [4/318] 15m/DIS: ok n_bars=36696 n_patterns=368 secs=1357 total_elapsed=13336s
07:31:16 [5/318] 15m/IBM: ok n_bars=36671 n_patterns=368 secs=1350 total_elapsed=13336s
07:31:16 [6/318] 15m/ISRG: ok n_bars=36717 n_patterns=368 secs=1380 total_elapsed=13336s
07:31:16 [7/318] 15m/CAT: ok n_bars=36640 n_patterns=368 secs=1604 total_elapsed=13336s
07:31:16 [8/318] 15m/TMUS: ok n_bars=36742 n_patterns=368 secs=1369 total_elapsed=13336s
07:31:16 [9/318] 15m/MS: ok n_bars=36647 n_patterns=368 secs=1369 total_elapsed=13336s
07:31:16 [10/318] 15m/NOW: ok n_bars=36638 n_patterns=368 secs=1600 total_elapsed=13336s
07:31:16 [11/318] 15m/TMO: ok n_bars=36619 n_patterns=368 secs=1366 total_elapsed=13336s
07:31:16 [12/318] 15m/COST: ok n_bars=36754 n_patterns=368 secs=1604 total_elapsed=13336s
07:31:16 [13/318] 15m/MCHP: ok n_bars=36717 n_patterns=368 secs=1453 total_elapsed=13336s
07:31:16 [14/318] 15m/SLB: ok n_bars=36657 n_patterns=368 secs=1441 total_elapsed=13336s
07:31:16 [15/318] 15m/PEP: ok n_bars=36754 n_patterns=368 secs=1366 total_elapsed=13336s
07:31:16 [16/318] 15m/HPE: ok n_bars=36674 n_patterns=368 secs=1441 total_elapsed=13336s
07:31:16 [17/318] 15m/LIN: ok n_bars=36625 n_patterns=368 secs=1361 total_elapsed=13336s
07:31:16 [18/318] 15m/ON: ok n_bars=36750 n_patterns=368 secs=1445 total_elapsed=13336s
07:31:16 [19/318] 15m/CVNA: ok n_bars=36673 n_patterns=368 secs=1366 total_elapsed=13336s
07:31:16 [20/318] 15m/DE: ok n_bars=36634 n_patterns=368 secs=1434 total_elapsed=13336s
07:31:16 [21/318] 15m/STX: ok n_bars=36725 n_patterns=368 secs=1614 total_elapsed=13336s
07:31:16 [22/318] 15m/VZ: ok n_bars=36702 n_patterns=368 secs=1361 total_elapsed=13336s
07:31:16 [23/318] 15m/BRK-B: ok n_bars=36675 n_patterns=368 secs=1596 total_elapsed=13336s
07:31:16 [24/318] 15m/BLK: ok n_bars=36616 n_patterns=368 secs=1431 total_elapsed=13336s
07:31:16 [25/318] 15m/CRM: ok n_bars=36664 n_patterns=368 secs=1620 total_elapsed=13336s
07:31:16 [26/318] 15m/T: ok n_bars=36708 n_patterns=368 secs=1361 total_elapsed=13336s
07:31:16 [27/318] 15m/LMT: ok n_bars=36638 n_patterns=368 secs=1433 total_elapsed=13336s
07:31:16 [28/318] 15m/PFE: ok n_bars=36714 n_patterns=368 secs=1357 total_elapsed=13336s
07:31:16 [29/318] 15m/QCOM: ok n_bars=36773 n_patterns=368 secs=1611 total_elapsed=13336s
07:31:16 [30/318] 15m/ACN: ok n_bars=36644 n_patterns=368 secs=1392 total_elapsed=13336s
07:31:16 [31/318] 15m/NXPI: ok n_bars=36717 n_patterns=368 secs=1433 total_elapsed=13336s
07:31:16 [32/318] 15m/APH: ok n_bars=36624 n_patterns=368 secs=1383 total_elapsed=13336s
07:31:16 [33/318] 15m/VST: ok n_bars=36645 n_patterns=368 secs=1430 total_elapsed=13336s
07:31:16 [34/318] 15m/ANET: ok n_bars=36657 n_patterns=368 secs=1386 total_elapsed=13336s
07:31:16 [35/318] 15m/SBUX: ok n_bars=36780 n_patterns=368 secs=1427 total_elapsed=13336s
07:31:16 [36/318] 15m/MRK: ok n_bars=36659 n_patterns=368 secs=1384 total_elapsed=13336s
07:31:16 [37/318] 15m/TJX: ok n_bars=36634 n_patterns=368 secs=1426 total_elapsed=13336s
07:31:16 [38/318] 15m/KO: ok n_bars=36724 n_patterns=368 secs=1381 total_elapsed=13336s
07:31:16 [39/318] 15m/UNP: ok n_bars=36615 n_patterns=368 secs=1414 total_elapsed=13336s
07:31:16 [40/318] 15m/ADI: ok n_bars=36719 n_patterns=368 secs=1380 total_elapsed=13336s
07:31:16 [41/318] 15m/COP: ok n_bars=36647 n_patterns=368 secs=1415 total_elapsed=13336s
07:31:16 [42/318] 15m/WFC: ok n_bars=36676 n_patterns=368 secs=1379 total_elapsed=13336s
07:31:16 [43/318] 15m/MPWR: ok n_bars=36699 n_patterns=368 secs=1417 total_elapsed=13336s
07:31:16 [44/318] 15m/SMCI: ok n_bars=36737 n_patterns=368 secs=1378 total_elapsed=13336s
07:31:16 [45/318] 15m/F: ok n_bars=36740 n_patterns=368 secs=1411 total_elapsed=13336s
07:31:16 [46/318] 15m/PG: ok n_bars=36644 n_patterns=368 secs=1374 total_elapsed=13336s
07:31:16 [47/318] 15m/CMCSA: ok n_bars=36749 n_patterns=368 secs=1408 total_elapsed=13336s
07:31:16 [48/318] 15m/BKNG: ok n_bars=36345 n_patterns=368 secs=1357 total_elapsed=13336s
07:31:16 [49/318] 15m/DHR: ok n_bars=36618 n_patterns=368 secs=1403 total_elapsed=13336s
07:31:16 [50/318] 15m/ABBV: ok n_bars=36667 n_patterns=368 secs=1373 total_elapsed=13336s
07:31:16 [51/318] 15m/DDOG: ok n_bars=36746 n_patterns=368 secs=1404 total_elapsed=13336s
07:31:16 [52/318] 15m/SPGI: ok n_bars=36616 n_patterns=368 secs=1395 total_elapsed=13336s
07:31:16 [53/318] 15m/COHR: ok n_bars=36729 n_patterns=368 secs=1367 total_elapsed=13336s
07:31:16 [54/318] 15m/NEE: ok n_bars=36648 n_patterns=368 secs=1387 total_elapsed=13336s
07:31:16 [55/318] 15m/AMGN: ok n_bars=36722 n_patterns=368 secs=1340 total_elapsed=13336s
07:31:16 [56/318] 15m/INTU: ok n_bars=36718 n_patterns=368 secs=1367 total_elapsed=13336s
07:31:16 [57/318] 15m/GILD: ok n_bars=36730 n_patterns=368 secs=1336 total_elapsed=13336s
07:31:16 [58/318] 15m/ADBE: ok n_bars=36756 n_patterns=368 secs=1370 total_elapsed=13336s
07:31:16 [59/318] 15m/COF: ok n_bars=36623 n_patterns=368 secs=1331 total_elapsed=13336s
07:31:16 [60/318] 15m/HD: ok n_bars=36667 n_patterns=368 secs=1360 total_elapsed=13336s
07:31:16 [61/318] 15m/C: ok n_bars=36681 n_patterns=368 secs=1360 total_elapsed=13336s
07:31:16 [62/318] 15m/DASH: ok n_bars=36643 n_patterns=368 secs=1333 total_elapsed=13336s
07:31:16 [63/318] 15m/GE: ok n_bars=36676 n_patterns=368 secs=1362 total_elapsed=13336s
07:31:16 [64/318] 15m/PM: ok n_bars=36639 n_patterns=368 secs=1328 total_elapsed=13336s
07:31:16 [65/318] 15m/GLW: ok n_bars=36653 n_patterns=368 secs=1357 total_elapsed=13336s
07:31:16 [66/318] 15m/CIEN: ok n_bars=36617 n_patterns=368 secs=1328 total_elapsed=13336s
07:31:16 [67/318] 15m/VRT: ok n_bars=36661 n_patterns=368 secs=1352 total_elapsed=13336s
07:31:16 [68/318] 15m/PYPL: ok n_bars=36799 n_patterns=368 secs=1336 total_elapsed=13336s
07:31:16 [69/318] 15m/BA: ok n_bars=36707 n_patterns=368 secs=1370 total_elapsed=13336s
07:31:16 [70/318] 15m/CRWD: ok n_bars=36766 n_patterns=368 secs=1364 total_elapsed=13336s
07:31:16 [71/318] 15m/SCHW: ok n_bars=36669 n_patterns=368 secs=1328 total_elapsed=13336s
07:31:16 [72/318] 15m/PANW: ok n_bars=36725 n_patterns=368 secs=1361 total_elapsed=13336s
07:31:16 [73/318] 15m/FCX: ok n_bars=36702 n_patterns=368 secs=1330 total_elapsed=13336s
07:31:16 [74/318] 15m/CVX: ok n_bars=36673 n_patterns=368 secs=1360 total_elapsed=13336s
07:31:16 [75/318] 15m/NEM: ok n_bars=36679 n_patterns=368 secs=1327 total_elapsed=13336s
07:31:16 [76/318] 15m/DELL: ok n_bars=36668 n_patterns=368 secs=1351 total_elapsed=13336s
07:31:16 [77/318] 15m/ETN: ok n_bars=36641 n_patterns=368 secs=1380 total_elapsed=13336s
07:31:16 [78/318] 15m/KLAC: ok n_bars=36719 n_patterns=368 secs=1356 total_elapsed=13336s
07:31:16 [79/318] 15m/TXN: ok n_bars=36723 n_patterns=368 secs=1352 total_elapsed=13336s
07:31:16 [80/318] 15m/RTX: ok n_bars=36640 n_patterns=368 secs=1369 total_elapsed=13336s
07:31:16 [81/318] 15m/MA: ok n_bars=36642 n_patterns=368 secs=1352 total_elapsed=13336s
07:31:16 [82/318] 15m/SNPS: ok n_bars=36720 n_patterns=368 secs=1373 total_elapsed=13336s
07:31:16 [83/318] 15m/JNJ: ok n_bars=36669 n_patterns=368 secs=1343 total_elapsed=13336s
07:31:16 [84/318] 15m/AXP: ok n_bars=36633 n_patterns=368 secs=1369 total_elapsed=13336s
07:31:16 [85/318] 15m/TER: ok n_bars=36721 n_patterns=368 secs=1368 total_elapsed=13336s
07:31:16 [86/318] 15m/UBER: ok n_bars=36705 n_patterns=368 secs=1360 total_elapsed=13336s
07:31:16 [87/318] 15m/GS: ok n_bars=36664 n_patterns=368 secs=1612 total_elapsed=13336s
07:31:16 [88/318] 15m/ABT: ok n_bars=36654 n_patterns=368 secs=1365 total_elapsed=13336s
07:31:16 [89/318] 15m/BSX: ok n_bars=36622 n_patterns=368 secs=1363 total_elapsed=13336s
07:31:16 [90/318] 15m/NKE: ok n_bars=36694 n_patterns=368 secs=1363 total_elapsed=13336s
07:41:20 [91/318] 15m/MDT: ok n_bars=36627 n_patterns=368 secs=1436 total_elapsed=13940s
07:42:07 [92/318] 15m/AZO: ok n_bars=35280 n_patterns=368 secs=1386 total_elapsed=13988s
07:42:23 [93/318] 15m/WDAY: ok n_bars=36727 n_patterns=368 secs=1441 total_elapsed=14003s
07:42:42 [94/318] 15m/CDNS: ok n_bars=36721 n_patterns=368 secs=1438 total_elapsed=14023s
07:42:52 [95/318] 15m/BX: ok n_bars=36639 n_patterns=368 secs=1437 total_elapsed=14033s
07:43:09 [96/318] 15m/MCK: ok n_bars=36612 n_patterns=368 secs=1434 total_elapsed=14049s
07:43:51 [97/318] 15m/SYK: ok n_bars=36611 n_patterns=368 secs=1435 total_elapsed=14092s
07:43:52 [98/318] 15m/BMY: ok n_bars=36668 n_patterns=368 secs=1437 total_elapsed=14092s
07:43:58 [99/318] 15m/RCL: ok n_bars=36650 n_patterns=368 secs=1435 total_elapsed=14099s
07:45:08 [100/318] 15m/CMG: ok n_bars=36596 n_patterns=368 secs=1433 total_elapsed=14168s
08:02:55 [101/318] 15m/LOW: ok n_bars=36625 n_patterns=368 secs=1295 total_elapsed=15235s
08:03:54 [102/318] 15m/TGT: ok n_bars=36679 n_patterns=368 secs=1306 total_elapsed=15294s
08:04:04 [103/318] 15m/PGR: ok n_bars=36616 n_patterns=368 secs=1301 total_elapsed=15304s
08:04:25 [104/318] 15m/VLO: ok n_bars=36627 n_patterns=368 secs=1303 total_elapsed=15326s
08:04:37 [105/318] 15m/CVS: ok n_bars=36652 n_patterns=368 secs=1305 total_elapsed=15338s
08:04:55 [106/318] 15m/SHW: ok n_bars=36637 n_patterns=368 secs=1306 total_elapsed=15356s
08:05:44 [107/318] 15m/WELL: ok n_bars=36613 n_patterns=368 secs=1313 total_elapsed=15405s
08:05:47 [108/318] 15m/VRTX: ok n_bars=36718 n_patterns=368 secs=1315 total_elapsed=15407s
08:05:54 [109/318] 15m/ECHO: ok n_bars=36703 n_patterns=368 secs=1316 total_elapsed=15414s
08:07:12 [110/318] 15m/CCL: ok n_bars=36713 n_patterns=368 secs=1324 total_elapsed=15492s
08:24:42 [111/318] 15m/MRNA: ok n_bars=36783 n_patterns=368 secs=1308 total_elapsed=16543s
08:25:48 [112/318] 15m/ADP: ok n_bars=36716 n_patterns=368 secs=1314 total_elapsed=16608s
08:25:55 [113/318] 15m/CME: ok n_bars=36718 n_patterns=368 secs=1311 total_elapsed=16615s
08:26:08 [114/318] 15m/FIX: ok n_bars=36469 n_patterns=368 secs=1303 total_elapsed=16628s
08:26:32 [115/318] 15m/REGN: ok n_bars=36708 n_patterns=368 secs=1314 total_elapsed=16652s
08:26:53 [116/318] 15m/UAL: ok n_bars=36786 n_patterns=368 secs=1317 total_elapsed=16673s
08:27:44 [117/318] 15m/PWR: ok n_bars=36617 n_patterns=368 secs=1317 total_elapsed=16725s
08:27:45 [118/318] 15m/LULU: ok n_bars=36740 n_patterns=368 secs=1321 total_elapsed=16726s
08:27:51 [119/318] 15m/UPS: ok n_bars=36649 n_patterns=368 secs=1317 total_elapsed=16731s
08:29:20 [120/318] 15m/GM: ok n_bars=36691 n_patterns=368 secs=1328 total_elapsed=16820s
08:46:22 [121/318] 15m/CRH: ok n_bars=36614 n_patterns=368 secs=1299 total_elapsed=17842s
08:47:40 [122/318] 15m/PH: ok n_bars=36612 n_patterns=368 secs=1306 total_elapsed=17921s
08:47:43 [123/318] 15m/FTNT: ok n_bars=36733 n_patterns=368 secs=1315 total_elapsed=17924s
08:47:57 [124/318] 15m/OXY: ok n_bars=36707 n_patterns=368 secs=1309 total_elapsed=17938s
08:48:25 [125/318] 15m/HIMS: ok n_bars=36706 n_patterns=368 secs=1313 total_elapsed=17965s
08:48:48 [126/318] 15m/TTD: ok n_bars=36764 n_patterns=368 secs=1315 total_elapsed=17989s
08:49:40 [127/318] 15m/NCLH: ok n_bars=36694 n_patterns=368 secs=1316 total_elapsed=18040s
08:49:47 [128/318] 15m/CELH: ok n_bars=36764 n_patterns=368 secs=1322 total_elapsed=18048s
08:49:50 [129/318] 15m/CAR: ok n_bars=36706 n_patterns=368 secs=1320 total_elapsed=18051s
08:51:25 [130/318] 15m/RMBS: ok n_bars=36714 n_patterns=368 secs=1326 total_elapsed=18146s
09:08:03 [131/318] 15m/SWKS: ok n_bars=36716 n_patterns=368 secs=1301 total_elapsed=19144s
09:09:30 [132/318] 15m/ETSY: ok n_bars=36742 n_patterns=368 secs=1309 total_elapsed=19230s
09:09:36 [133/318] 15m/PODD: ok n_bars=36705 n_patterns=368 secs=1312 total_elapsed=19236s
09:09:42 [134/318] 15m/BLDR: ok n_bars=36652 n_patterns=368 secs=1305 total_elapsed=19243s
09:10:17 [135/318] 15m/WING: ok n_bars=36708 n_patterns=368 secs=1312 total_elapsed=19277s
09:10:40 [136/318] 15m/SFM: ok n_bars=36717 n_patterns=368 secs=1312 total_elapsed=19301s
09:11:36 [137/318] 15m/ELF: ok n_bars=36691 n_patterns=368 secs=1316 total_elapsed=19356s
09:11:42 [138/318] 15m/MOS: ok n_bars=36649 n_patterns=368 secs=1315 total_elapsed=19363s
09:11:46 [139/318] 15m/SAIA: ok n_bars=36679 n_patterns=368 secs=1315 total_elapsed=19366s
09:13:28 [140/318] 15m/VIAV: ok n_bars=36712 n_patterns=368 secs=1323 total_elapsed=19468s
09:28:40 [141/318] 15m/AGX: ok n_bars=34898 n_patterns=368 secs=1237 total_elapsed=20380s
09:31:15 [142/318] 15m/APTV: ok n_bars=36619 n_patterns=368 secs=1305 total_elapsed=20535s
09:31:25 [143/318] 15m/ALK: ok n_bars=36640 n_patterns=368 secs=1310 total_elapsed=20546s
09:31:28 [144/318] 15m/FND: ok n_bars=36632 n_patterns=368 secs=1306 total_elapsed=20548s
09:32:05 [145/318] 15m/ANF: ok n_bars=36636 n_patterns=368 secs=1309 total_elapsed=20586s
09:32:32 [146/318] 15m/PRIM: ok n_bars=36703 n_patterns=368 secs=1312 total_elapsed=20612s
09:33:31 [147/318] 15m/M: ok n_bars=36677 n_patterns=368 secs=1316 total_elapsed=20672s
09:33:39 [148/318] 15m/OLLI: ok n_bars=36711 n_patterns=368 secs=1317 total_elapsed=20680s
09:33:43 [149/318] 15m/FORM: ok n_bars=36712 n_patterns=368 secs=1317 total_elapsed=20683s
09:35:29 [150/318] 15m/PLNT: ok n_bars=36616 n_patterns=368 secs=1321 total_elapsed=20789s
09:50:22 [151/318] 15m/CROX: ok n_bars=36719 n_patterns=368 secs=1303 total_elapsed=21683s
09:52:59 [152/318] 15m/TAP: ok n_bars=36599 n_patterns=368 secs=1304 total_elapsed=21839s
09:53:15 [153/318] 15m/SHAK: ok n_bars=36634 n_patterns=368 secs=1310 total_elapsed=21856s
09:53:15 [154/318] 15m/AEO: ok n_bars=36670 n_patterns=368 secs=1308 total_elapsed=21856s
09:53:53 [155/318] 15m/PBF: ok n_bars=36621 n_patterns=368 secs=1308 total_elapsed=21894s
09:54:20 [156/318] 15m/ARE: ok n_bars=36616 n_patterns=368 secs=1308 total_elapsed=21921s
09:55:24 [157/318] 15m/FNB: ok n_bars=36636 n_patterns=368 secs=1313 total_elapsed=21985s
09:55:36 [158/318] 15m/URBN: ok n_bars=36719 n_patterns=368 secs=1317 total_elapsed=21997s
09:55:40 [159/318] 15m/BRKR: ok n_bars=36707 n_patterns=368 secs=1317 total_elapsed=22001s
09:57:29 [160/318] 15m/BOOT: ok n_bars=36612 n_patterns=368 secs=1321 total_elapsed=22110s
10:12:01 [161/318] 15m/SM: ok n_bars=36619 n_patterns=368 secs=1299 total_elapsed=22982s
10:14:44 [162/318] 15m/ESI: ok n_bars=36632 n_patterns=368 secs=1306 total_elapsed=23145s
10:14:59 [163/318] 15m/OSK: ok n_bars=36612 n_patterns=368 secs=1304 total_elapsed=23159s
10:15:07 [164/318] 15m/DBX: ok n_bars=36717 n_patterns=368 secs=1312 total_elapsed=23168s
10:15:44 [165/318] 15m/PTCT: ok n_bars=36702 n_patterns=368 secs=1310 total_elapsed=23204s
10:16:11 [166/318] 15m/BTU: ok n_bars=36641 n_patterns=368 secs=1311 total_elapsed=23231s
10:17:26 [167/318] 15m/VLY: ok n_bars=36715 n_patterns=368 secs=1321 total_elapsed=23306s
10:17:37 [168/318] 15m/PCTY: ok n_bars=36689 n_patterns=368 secs=1321 total_elapsed=23318s
10:17:38 [169/318] 15m/WAL: ok n_bars=36608 n_patterns=368 secs=1318 total_elapsed=23318s
10:19:34 [170/318] 15m/AOS: ok n_bars=36612 n_patterns=368 secs=1325 total_elapsed=23435s
10:33:38 [171/318] 15m/EXP: ok n_bars=36606 n_patterns=368 secs=1297 total_elapsed=24279s
10:36:34 [172/318] 15m/ALGM: ok n_bars=36716 n_patterns=368 secs=1310 total_elapsed=24455s
10:36:45 [173/318] 15m/MTDR: ok n_bars=36614 n_patterns=368 secs=1306 total_elapsed=24465s
10:36:56 [174/318] 15m/KEX: ok n_bars=36631 n_patterns=368 secs=1309 total_elapsed=24477s
10:37:36 [175/318] 15m/LNTH: ok n_bars=36712 n_patterns=368 secs=1312 total_elapsed=24517s
10:38:04 [176/318] 15m/CAKE: ok n_bars=36719 n_patterns=368 secs=1313 total_elapsed=24544s
10:39:16 [177/318] 15m/TREX: ok n_bars=36606 n_patterns=368 secs=1310 total_elapsed=24616s
10:39:27 [178/318] 15m/SITE: ok n_bars=36595 n_patterns=368 secs=1309 total_elapsed=24627s
10:39:32 [179/318] 15m/FRPT: ok n_bars=36706 n_patterns=368 secs=1315 total_elapsed=24633s
10:41:31 [180/318] 15m/GVA: ok n_bars=36612 n_patterns=368 secs=1317 total_elapsed=24752s
10:55:11 [181/318] 15m/AGCO: ok n_bars=36611 n_patterns=368 secs=1293 total_elapsed=25572s
10:58:14 [182/318] 15m/ITRI: ok n_bars=36691 n_patterns=368 secs=1300 total_elapsed=25754s
10:58:26 [183/318] 15m/ONB: ok n_bars=36708 n_patterns=368 secs=1301 total_elapsed=25767s
10:58:39 [184/318] 15m/CRUS: ok n_bars=36704 n_patterns=368 secs=1303 total_elapsed=25780s
10:59:18 [185/318] 15m/KSS: ok n_bars=36670 n_patterns=368 secs=1302 total_elapsed=25819s
10:59:46 [186/318] 15m/CALM: ok n_bars=36703 n_patterns=368 secs=1302 total_elapsed=25846s
11:00:34 [187/318] 15m/MYRG: ok n_bars=35569 n_patterns=368 secs=1267 total_elapsed=25895s
11:01:01 [188/318] 15m/SLAB: ok n_bars=36635 n_patterns=368 secs=1305 total_elapsed=25921s
11:01:16 [189/318] 15m/TEX: ok n_bars=36609 n_patterns=368 secs=1304 total_elapsed=25937s
11:03:20 [190/318] 15m/R: ok n_bars=36560 n_patterns=368 secs=1309 total_elapsed=26061s
11:16:41 [191/318] 15m/PVH: ok n_bars=36613 n_patterns=368 secs=1289 total_elapsed=26861s
11:19:50 [192/318] 15m/CMC: ok n_bars=36611 n_patterns=368 secs=1296 total_elapsed=27051s
11:20:06 [193/318] 15m/MIDD: ok n_bars=36697 n_patterns=368 secs=1300 total_elapsed=27067s
11:20:20 [194/318] 15m/SIG: ok n_bars=36637 n_patterns=368 secs=1301 total_elapsed=27081s
11:21:02 [195/318] 15m/OLED: ok n_bars=36693 n_patterns=368 secs=1303 total_elapsed=27122s
11:21:30 [196/318] 15m/IRTC: ok n_bars=36674 n_patterns=368 secs=1304 total_elapsed=27151s
11:22:23 [197/318] 15m/QLYS: ok n_bars=36683 n_patterns=368 secs=1309 total_elapsed=27204s
11:22:47 [198/318] 15m/PB: ok n_bars=36609 n_patterns=368 secs=1306 total_elapsed=27227s
11:23:03 [199/318] 15m/TTC: ok n_bars=36604 n_patterns=368 secs=1306 total_elapsed=27243s
11:25:14 [200/318] 15m/MUR: ok n_bars=36621 n_patterns=368 secs=1314 total_elapsed=27374s
11:38:12 [201/318] 15m/ACLS: ok n_bars=36711 n_patterns=368 secs=1292 total_elapsed=28153s
11:41:23 [202/318] 15m/ROAD: ok n_bars=36618 n_patterns=368 secs=1293 total_elapsed=28344s
11:41:42 [203/318] 15m/SYNA: ok n_bars=36704 n_patterns=368 secs=1296 total_elapsed=28362s
11:41:57 [204/318] 15m/HCC: ok n_bars=36635 n_patterns=368 secs=1296 total_elapsed=28377s
11:42:41 [205/318] 15m/UCTT: ok n_bars=36697 n_patterns=368 secs=1299 total_elapsed=28421s
11:43:07 [206/318] 15m/YETI: ok n_bars=36608 n_patterns=368 secs=1297 total_elapsed=28448s
11:43:43 [207/318] 15m/APPF: ok n_bars=36016 n_patterns=368 secs=1279 total_elapsed=28483s
11:44:27 [208/318] 15m/BOX: ok n_bars=36615 n_patterns=368 secs=1300 total_elapsed=28527s
11:44:49 [209/318] 15m/TENB: ok n_bars=36709 n_patterns=368 secs=1306 total_elapsed=28549s
11:47:03 [210/318] 15m/MSM: ok n_bars=36609 n_patterns=368 secs=1309 total_elapsed=28683s
11:59:17 [211/318] 15m/BMI: ok n_bars=35995 n_patterns=368 secs=1264 total_elapsed=29417s
12:02:23 [212/318] 15m/NOVT: ok n_bars=35685 n_patterns=368 secs=1260 total_elapsed=29604s
12:03:03 [213/318] 15m/PLXS: ok n_bars=35791 n_patterns=368 secs=1267 total_elapsed=29644s
12:03:17 [214/318] 15m/CBSH: ok n_bars=36706 n_patterns=368 secs=1295 total_elapsed=29657s
12:04:26 [215/318] 15m/JBLU: ok n_bars=36794 n_patterns=368 secs=1305 total_elapsed=29726s
12:04:46 [216/318] 15m/BRBR: ok n_bars=36603 n_patterns=368 secs=1299 total_elapsed=29747s
12:05:31 [217/318] 15m/WEN: ok n_bars=36739 n_patterns=368 secs=1308 total_elapsed=29791s
12:06:14 [218/318] 15m/SRPT: ok n_bars=36707 n_patterns=368 secs=1307 total_elapsed=29834s
12:06:34 [219/318] 15m/OLN: ok n_bars=36616 n_patterns=368 secs=1305 total_elapsed=29854s
12:08:56 [220/318] 15m/HUN: ok n_bars=36637 n_patterns=368 secs=1314 total_elapsed=29997s
12:20:48 [221/318] 15m/CPRI: ok n_bars=36631 n_patterns=368 secs=1291 total_elapsed=30708s
12:24:03 [222/318] 15m/CBRL: ok n_bars=36715 n_patterns=368 secs=1300 total_elapsed=30904s
12:24:44 [223/318] 15m/FLO: ok n_bars=36638 n_patterns=368 secs=1301 total_elapsed=30944s
12:24:57 [224/318] 15m/PZZA: ok n_bars=36715 n_patterns=368 secs=1300 total_elapsed=30957s
12:26:06 [225/318] 15m/BL: ok n_bars=36703 n_patterns=368 secs=1300 total_elapsed=31026s
12:26:27 [226/318] 15m/EYE: ok n_bars=36708 n_patterns=368 secs=1300 total_elapsed=31047s
12:27:13 [227/318] 15m/TDOC: ok n_bars=36683 n_patterns=368 secs=1303 total_elapsed=31094s
12:27:58 [228/318] 15m/REAL: ok n_bars=36741 n_patterns=368 secs=1304 total_elapsed=31138s
12:28:13 [229/318] 15m/PRGO: ok n_bars=36614 n_patterns=368 secs=1300 total_elapsed=31154s
12:30:46 [230/318] 15m/SMPL: ok n_bars=36707 n_patterns=368 secs=1310 total_elapsed=31307s
12:42:16 [231/318] 15m/PGNY: ok n_bars=36709 n_patterns=368 secs=1288 total_elapsed=31997s
12:45:37 [232/318] 15m/QDEL: ok n_bars=36712 n_patterns=368 secs=1294 total_elapsed=32197s
12:46:22 [233/318] 15m/GO: ok n_bars=36715 n_patterns=368 secs=1298 total_elapsed=32243s
12:46:27 [234/318] 15m/WWW: ok n_bars=36609 n_patterns=368 secs=1290 total_elapsed=32247s
12:47:42 [235/318] 15m/RVLV: ok n_bars=36615 n_patterns=368 secs=1296 total_elapsed=32322s
12:48:07 [236/318] 15m/OMCL: ok n_bars=36685 n_patterns=368 secs=1301 total_elapsed=32348s
12:48:21 [237/318] 15m/JJSF: ok n_bars=33883 n_patterns=368 secs=1208 total_elapsed=32361s
12:49:00 [238/318] 15m/PLAY: ok n_bars=36726 n_patterns=368 secs=1307 total_elapsed=32401s
12:49:45 [239/318] 15m/AZTA: ok n_bars=36706 n_patterns=368 secs=1307 total_elapsed=32445s
12:52:51 [240/318] 15m/BJRI: ok n_bars=36684 n_patterns=368 secs=1325 total_elapsed=32632s
13:05:37 [241/318] 15m/GBX: ok n_bars=36575 n_patterns=368 secs=1400 total_elapsed=33397s
13:08:21 [242/318] 15m/KRUS: ok n_bars=34913 n_patterns=368 secs=1364 total_elapsed=33561s
13:10:26 [243/318] 15m/RPD: ok n_bars=36707 n_patterns=368 secs=1444 total_elapsed=33687s
13:10:27 [244/318] 15m/BLMN: ok n_bars=36719 n_patterns=368 secs=1440 total_elapsed=33687s
13:11:14 [245/318] 15m/TNC: ok n_bars=33523 n_patterns=368 secs=1334 total_elapsed=33734s
13:11:55 [246/318] 15m/JACK: ok n_bars=36708 n_patterns=368 secs=1453 total_elapsed=33775s
13:12:13 [247/318] 15m/EPAC: ok n_bars=36557 n_patterns=368 secs=1446 total_elapsed=33793s
13:12:26 [248/318] 15m/OXM: ok n_bars=36339 n_patterns=368 secs=1445 total_elapsed=33806s
13:14:15 [249/318] 15m/DIN: ok n_bars=36570 n_patterns=368 secs=1470 total_elapsed=33915s
13:17:28 [250/318] 15m/CTS: ok n_bars=35999 n_patterns=368 secs=1477 total_elapsed=34109s
13:29:42 [251/318] 15m/NTGR: ok n_bars=36566 n_patterns=368 secs=1445 total_elapsed=34843s
13:32:26 [252/318] 15m/AMPH: ok n_bars=36669 n_patterns=368 secs=1445 total_elapsed=35006s
13:32:49 [253/318] 15m/WMK: ok n_bars=34186 n_patterns=368 secs=1342 total_elapsed=35030s
13:34:18 [254/318] 15m/NGVC: ok n_bars=33358 n_patterns=368 secs=1312 total_elapsed=35118s
13:34:27 [255/318] 15m/HOPE: ok n_bars=36709 n_patterns=368 secs=1441 total_elapsed=35128s
13:35:16 [256/318] 15m/MRTN: ok n_bars=36693 n_patterns=368 secs=1442 total_elapsed=35176s
13:35:48 [257/318] 15m/ARCO: ok n_bars=36613 n_patterns=368 secs=1434 total_elapsed=35209s
13:36:07 [258/318] 15m/HTLD: ok n_bars=36680 n_patterns=368 secs=1434 total_elapsed=35228s
14:19:06 [259/318] 1m/NVDA: ok n_bars=355928 n_patterns=52 secs=3891 total_elapsed=37806s
14:21:51 [260/318] 1m/TSLA: ok n_bars=356047 n_patterns=52 secs=3863 total_elapsed=37971s
14:32:14 [261/318] 1m/MU: ok n_bars=355318 n_patterns=52 secs=3752 total_elapsed=38594s
14:34:45 [262/318] 1m/MSFT: ok n_bars=355111 n_patterns=52 secs=3739 total_elapsed=38745s
14:35:04 [263/318] 1m/AAPL: ok n_bars=355495 n_patterns=52 secs=3735 total_elapsed=38765s
14:36:55 [264/318] 1m/AMZN: ok n_bars=355578 n_patterns=52 secs=3747 total_elapsed=38875s
14:37:03 [265/318] 1m/AMD: ok n_bars=355528 n_patterns=52 secs=3765 total_elapsed=38883s
14:37:55 [266/318] 1m/META: ok n_bars=355162 n_patterns=52 secs=3759 total_elapsed=38936s
14:38:04 [267/318] 1m/AVGO: ok n_bars=352318 n_patterns=52 secs=3717 total_elapsed=38945s
14:38:31 [268/318] 1m/GOOGL: ok n_bars=355210 n_patterns=52 secs=3763 total_elapsed=38972s
15:21:41 [269/318] 1m/INTC: ok n_bars=355566 n_patterns=52 secs=3755 total_elapsed=41562s
15:24:33 [270/318] 1m/PLTR: ok n_bars=355750 n_patterns=52 secs=3763 total_elapsed=41734s
15:35:09 [271/318] 1m/GOOG: ok n_bars=355091 n_patterns=52 secs=3776 total_elapsed=42370s
15:37:28 [272/318] 1m/LITE: ok n_bars=335691 n_patterns=52 secs=3573 total_elapsed=42509s
15:37:35 [273/318] 1m/ORCL: ok n_bars=354995 n_patterns=52 secs=3770 total_elapsed=42516s
15:37:44 [274/318] 1m/MRVL: ok n_bars=354910 n_patterns=52 secs=3759 total_elapsed=42524s
15:39:25 [275/318] 1m/NFLX: ok n_bars=353392 n_patterns=52 secs=3750 total_elapsed=42626s
15:39:29 [276/318] 1m/LLY: ok n_bars=351924 n_patterns=52 secs=3746 total_elapsed=42629s
15:40:46 [277/318] 1m/AMAT: ok n_bars=354522 n_patterns=52 secs=3762 total_elapsed=42707s
15:41:24 [278/318] 1m/JPM: ok n_bars=354814 n_patterns=52 secs=3773 total_elapsed=42745s
16:25:13 [279/318] 1m/UNH: ok n_bars=353766 n_patterns=52 secs=3812 total_elapsed=45374s
16:28:24 [280/318] 1m/WDC: ok n_bars=354450 n_patterns=52 secs=3831 total_elapsed=45565s
16:38:27 [281/318] 1m/LRCX: ok n_bars=335620 n_patterns=52 secs=3659 total_elapsed=46168s
16:39:19 [282/318] 1m/WMT: ok n_bars=354914 n_patterns=52 secs=3849 total_elapsed=46219s
16:41:42 [283/318] 1m/V: ok n_bars=354631 n_patterns=52 secs=3847 total_elapsed=46362s
16:41:47 [284/318] 1m/XOM: ok n_bars=354831 n_patterns=52 secs=3843 total_elapsed=46367s
16:43:32 [285/318] 1m/CRM: ok n_bars=354646 n_patterns=52 secs=3847 total_elapsed=46473s
16:43:54 [286/318] 1m/QCOM: ok n_bars=354750 n_patterns=52 secs=3866 total_elapsed=46495s
16:44:51 [287/318] 1m/BRK-B: ok n_bars=353980 n_patterns=52 secs=3845 total_elapsed=46552s
16:45:15 [288/318] 1m/STX: ok n_bars=350588 n_patterns=52 secs=3831 total_elapsed=46576s
17:24:36 [289/318] 1m/CAR: ok n_bars=248652 n_patterns=52 secs=2574 total_elapsed=48936s
17:28:05 [290/318] 1m/HIMS: ok n_bars=351976 n_patterns=52 secs=3772 total_elapsed=49145s
17:31:18 [291/318] 1m/TTD: ok n_bars=354387 n_patterns=52 secs=3773 total_elapsed=49338s
17:33:01 [292/318] 1m/PODD: ok n_bars=280351 n_patterns=52 secs=2890 total_elapsed=49441s
17:37:48 [293/318] 1m/RMBS: ok n_bars=324837 n_patterns=52 secs=3361 total_elapsed=49729s
17:39:28 [294/318] 1m/CELH: ok n_bars=347068 n_patterns=52 secs=3609 total_elapsed=49828s
17:40:07 [295/318] 1m/NCLH: ok n_bars=354829 n_patterns=52 secs=3699 total_elapsed=49867s
17:43:32 [296/318] 1m/SWKS: ok n_bars=347944 n_patterns=52 secs=3600 total_elapsed=50073s
17:43:56 [297/318] 1m/BLDR: ok n_bars=339612 n_patterns=52 secs=3521 total_elapsed=50097s
17:45:05 [298/318] 1m/ETSY: ok n_bars=353494 n_patterns=52 secs=3670 total_elapsed=50165s
18:07:10 [299/318] 1m/AGX: ok n_bars=157283 n_patterns=52 secs=1624 total_elapsed=51491s
18:11:39 [300/318] 1m/WING: ok n_bars=274653 n_patterns=52 secs=2823 total_elapsed=51760s
18:18:40 [301/318] 1m/SAIA: ok n_bars=235327 n_patterns=52 secs=2451 total_elapsed=52180s
18:27:16 [302/318] 1m/SFM: ok n_bars=335332 n_patterns=52 secs=3552 total_elapsed=52697s
18:31:09 [303/318] 1m/ELF: ok n_bars=337877 n_patterns=52 secs=3592 total_elapsed=52930s
18:35:26 [304/318] 1m/MOS: ok n_bars=354017 n_patterns=52 secs=3745 total_elapsed=53186s
18:37:54 [305/318] 1m/VIAV: ok n_bars=329444 n_patterns=52 secs=3506 total_elapsed=53334s
18:45:27 [306/318] 1m/APTV: ok n_bars=348007 n_patterns=52 secs=3715 total_elapsed=53788s
18:45:47 [307/318] 1m/FND: ok n_bars=339188 n_patterns=52 secs=3642 total_elapsed=53807s
18:46:27 [308/318] 1m/ALK: ok n_bars=349986 n_patterns=52 secs=3751 total_elapsed=53847s
19:09:16 [309/318] 1m/BRBR: ok n_bars=324531 n_patterns=52 secs=3457 total_elapsed=55217s
19:10:35 [310/318] 1m/JBLU: ok n_bars=354679 n_patterns=52 secs=3804 total_elapsed=55295s
19:19:27 [311/318] 1m/WEN: ok n_bars=351589 n_patterns=52 secs=3647 total_elapsed=55827s
19:22:27 [312/318] 1m/SRPT: ok n_bars=319704 n_patterns=52 secs=3310 total_elapsed=56007s
19:29:04 [313/318] 1m/OLN: ok n_bars=341161 n_patterns=52 secs=3474 total_elapsed=56404s
19:32:39 [314/318] 1m/HUN: ok n_bars=346833 n_patterns=52 secs=3433 total_elapsed=56619s
19:32:49 [315/318] 1m/CBRL: ok n_bars=293703 n_patterns=52 secs=2842 total_elapsed=56630s
19:33:02 [316/318] 1m/CPRI: ok n_bars=336684 n_patterns=52 secs=3308 total_elapsed=56643s
19:34:14 [317/318] 1m/PZZA: ok n_bars=299558 n_patterns=52 secs=2867 total_elapsed=56714s
19:38:16 [318/318] 1m/FLO: ok n_bars=337805 n_patterns=52 secs=3149 total_elapsed=56956s
19:38:16 backtests complete in 56956s — pooling
19:38:18 pooling 15m: 284 tickers loaded
19:38:18 pooling 1m: 60 tickers loaded
19:38:20 PHASE B SCREEN — 420 included patterns of 420 trials
positive pooled Sharpe: 0/420
day_of_week_monday_long                              tf=15m sharpe=-0.033 dsr=0.000e+00 psr0=0.4691 days=1414 trades=74691 hit=0.495 fired=284/284
day_of_week_tuesday_long                             tf=15m sharpe=-0.280 dsr=0.000e+00 psr0=0.2517 days=1414 trades=82902 hit=0.486 fired=284/284
day_of_week_wednesday_short                          tf=15m sharpe=-0.336 dsr=0.000e+00 psr0=0.2059 days=1414 trades=82644 hit=0.489 fired=284/284
day_of_week_friday_long                              tf=15m sharpe=-0.634 dsr=0.000e+00 psr0=0.0640 days=1414 trades=80655 hit=0.481 fired=284/284
day_of_week_thursday_short                           tf=15m sharpe=-0.635 dsr=0.000e+00 psr0=0.0662 days=1414 trades=80656 hit=0.462 fired=284/284
day_of_week_thursday_long                            tf=15m sharpe=-0.729 dsr=0.000e+00 psr0=0.0434 days=1414 trades=80656 hit=0.482 fired=284/284
cci_trend_200_midday                                 tf=15m sharpe=-0.733 dsr=0.000e+00 psr0=0.1676 days=1414 trades=29969 hit=0.315 fired=284/284
atr_expansion_continuation_2.5_midday                tf=15m sharpe=-0.769 dsr=0.000e+00 psr0=0.0802 days=1414 trades=12142 hit=0.376 fired=284/284
overnight_continuation_persist_midday_0.004          tf=15m sharpe=-0.927 dsr=0.000e+00 psr0=0.1023 days=1414 trades=96922 hit=0.449 fired=284/284
day_of_week_wednesday_long                           tf=15m sharpe=-0.967 dsr=0.000e+00 psr0=0.0226 days=1414 trades=82644 hit=0.454 fired=284/284
day_of_week_friday_short                             tf=15m sharpe=-1.000 dsr=0.000e+00 psr0=0.0103 days=1414 trades=80655 hit=0.461 fired=284/284
bollinger_reversion_20_2.5_midday                    tf=15m sharpe=-1.182 dsr=0.000e+00 psr0=0.0000 days=1414 trades=15556 hit=0.390 fired=284/284
atr_expansion_exhaustion_2.5_midday                  tf=15m sharpe=-1.287 dsr=0.000e+00 psr0=0.0000 days=1414 trades=12142 hit=0.394 fired=284/284
atr_expansion_exhaustion_2.5_power_hour              tf=15m sharpe=-1.331 dsr=0.000e+00 psr0=0.0045 days=1414 trades=24201 hit=0.413 fired=284/284
day_of_week_tuesday_short                            tf=15m sharpe=-1.341 dsr=0.000e+00 psr0=0.0014 days=1414 trades=82902 hit=0.458 fired=284/284
cci_reversion_200_midday                             tf=15m sharpe=-1.548 dsr=0.000e+00 psr0=0.0000 days=1414 trades=29969 hit=0.398 fired=284/284
bollinger_reversion_14_2.5_midday                    tf=15m sharpe=-1.611 dsr=0.000e+00 psr0=0.0000 days=1414 trades=17482 hit=0.380 fired=284/284
day_of_week_monday_short                             tf=15m sharpe=-1.611 dsr=0.000e+00 psr0=0.0000 days=1414 trades=74691 hit=0.444 fired=284/284
bollinger_reversion_10_2.5_midday                    tf=15m sharpe=-1.635 dsr=0.000e+00 psr0=0.0000 days=1414 trades=9210 hit=0.380 fired=284/284
streak_continuation_5_close                          tf=15m sharpe=-1.649 dsr=0.000e+00 psr0=0.0006 days=1414 trades=21323 hit=0.449 fired=284/284
overnight_reversion_persist_midday_0.004             tf=15m sharpe=-1.665 dsr=0.000e+00 psr0=0.0000 days=1414 trades=96922 hit=0.453 fired=284/284
bollinger_reversion_10_2.5_close                     tf=15m sharpe=-1.931 dsr=0.000e+00 psr0=0.0000 days=1414 trades=6006 hit=0.449 fired=284/284
piercing_darkcloud_close                             tf=15m sharpe=-1.996 dsr=0.000e+00 psr0=0.0000 days=1414 trades=7456 hit=0.456 fired=284/284
overnight_continuation_persist_mid_morning_0.004     tf=15m sharpe=-2.127 dsr=0.000e+00 psr0=0.0000 days=1414 trades=96921 hit=0.465 fired=284/284
mfi_extreme_14_90_10_power_hour                      tf=15m sharpe=-2.137 dsr=0.000e+00 psr0=0.0236 days=1414 trades=16114 hit=0.441 fired=284/284
