=== (a) PERIOD CONTROL — ungated, formations start 2019-01-02 (2018 hole excluded) ===
  nsi_l126_ls_h126         sharpe +0.041  formations 16
  nsi_l252_ls_h126         sharpe +0.263  formations 16
  nsi_l504_ls_h126         sharpe +0.301  formations 16
  nsi_l126_hedged_h126     sharpe +0.233  formations 16
  nsi_l252_hedged_h126     sharpe +0.453  formations 16
  nsi_l504_hedged_h126     sharpe +0.334  formations 16
  nsi_l126_ls_h252         sharpe -0.174  formations 8
  nsi_l252_ls_h252         sharpe +0.033  formations 8
  nsi_l504_ls_h252         sharpe +0.229  formations 8
  sigma_sr 0.1593  nsi_l504_ls_h126 DSR 0.5263 SR0 0.2769

=== (b) EFFECTIVE TRIALS ===
  mean |pairwise corr| of the 14 daily nets: 0.589 (min 0.327 max 0.964)
  winsor vs plain sibling: h126 0.9551  h252 0.9644
  participation ratio (sum L)^2/sum L^2 : 2.40
  eigenvalues > 1 (Kaiser)              : 3
  components for 90% of variance        : 5
  Cheverud/Nyholt n/(1+(n-1)rbar)       : 1.62
  observed sharpe +0.4204, sigma_sr 0.1901
    N=  2: SR0 +0.0988  DSR 0.7157
    N=  3: SR0 +0.1621  DSR 0.7157
    N=  4: SR0 +0.2000  DSR 0.7157
    N=  5: SR0 +0.2267  DSR 0.7157
    N=  6: SR0 +0.2471  DSR 0.6950
    N=  7: SR0 +0.2636  DSR 0.6778
    N= 10: SR0 +0.2993  DSR 0.6393
    N= 14: SR0 +0.3305  DSR 0.6044
    N= 20: SR0 +0.3613  DSR 0.5691
    N= 50: SR0 +0.4327  DSR 0.4856

=== (c) EMPIRICAL BEST-OF-14 NULL (shared random signal, real masks/dates) ===
  rep  10: E[max] +0.1071  sd 0.1601  P(max >= 0.420) = 0.000  mean sigma_sr 0.1596
  rep  20: E[max] +0.1454  sd 0.2627  P(max >= 0.420) = 0.100  mean sigma_sr 0.1776
  rep  30: E[max] +0.1079  sd 0.2369  P(max >= 0.420) = 0.067  mean sigma_sr 0.1737
  rep  40: E[max] +0.1063  sd 0.2247  P(max >= 0.420) = 0.050  mean sigma_sr 0.1624
  rep  50: E[max] +0.1229  sd 0.2299  P(max >= 0.420) = 0.080  mean sigma_sr 0.1620
  rep  60: E[max] +0.1469  sd 0.2477  P(max >= 0.420) = 0.117  mean sigma_sr 0.1678
  rep  70: E[max] +0.1671  sd 0.2480  P(max >= 0.420) = 0.143  mean sigma_sr 0.1738
  rep  80: E[max] +0.1537  sd 0.2444  P(max >= 0.420) = 0.138  mean sigma_sr 0.1707
  rep  90: E[max] +0.1752  sd 0.2433  P(max >= 0.420) = 0.144  mean sigma_sr 0.1735
  rep 100: E[max] +0.1644  sd 0.2440  P(max >= 0.420) = 0.140  mean sigma_sr 0.1717
  rep 110: E[max] +0.1878  sd 0.2518  P(max >= 0.420) = 0.173  mean sigma_sr 0.1751
  rep 120: E[max] +0.1820  sd 0.2599  P(max >= 0.420) = 0.175  mean sigma_sr 0.1728

  EMPIRICAL, B=120: E[max sharpe over the 14 | no edge] = +0.1820 (sd 0.2599, p50 +0.1737, p90 +0.4982, p95 +0.6537)
  DSR's parametric SR0 for N=14, sigma_sr=0.1901: +0.3305
  mean of the 14 null sigma_sr estimates: 0.1728 (real run: 0.1901)
  EMPIRICAL P(best-of-14 >= observed +0.4204) = 0.1750
DONE t=1845s
